Archive member included to satisfy reference by file (symbol)

c:/st/stm32cubeide_1.2.0/stm32cubeide/plugins/com.st.stm32cube.ide.mcu.externaltools.gnu-tools-for-stm32.7-2018-q2-update.win32_1.0.0.201904181610/tools/bin/../lib/gcc/arm-none-eabi/7.3.1/../../../../arm-none-eabi/lib/thumb/v7e-m/fpv4-sp/hard\libc_nano.a(lib_a-errno.o)
                              Core/Src/syscalls.o (__errno)
c:/st/stm32cubeide_1.2.0/stm32cubeide/plugins/com.st.stm32cube.ide.mcu.externaltools.gnu-tools-for-stm32.7-2018-q2-update.win32_1.0.0.201904181610/tools/bin/../lib/gcc/arm-none-eabi/7.3.1/../../../../arm-none-eabi/lib/thumb/v7e-m/fpv4-sp/hard\libc_nano.a(lib_a-exit.o)
                              c:/st/stm32cubeide_1.2.0/stm32cubeide/plugins/com.st.stm32cube.ide.mcu.externaltools.gnu-tools-for-stm32.7-2018-q2-update.win32_1.0.0.201904181610/tools/bin/../lib/gcc/arm-none-eabi/7.3.1/../../../../arm-none-eabi/lib/thumb/v7e-m/fpv4-sp/hard/crt0.o (exit)
c:/st/stm32cubeide_1.2.0/stm32cubeide/plugins/com.st.stm32cube.ide.mcu.externaltools.gnu-tools-for-stm32.7-2018-q2-update.win32_1.0.0.201904181610/tools/bin/../lib/gcc/arm-none-eabi/7.3.1/../../../../arm-none-eabi/lib/thumb/v7e-m/fpv4-sp/hard\libc_nano.a(lib_a-impure.o)
                              c:/st/stm32cubeide_1.2.0/stm32cubeide/plugins/com.st.stm32cube.ide.mcu.externaltools.gnu-tools-for-stm32.7-2018-q2-update.win32_1.0.0.201904181610/tools/bin/../lib/gcc/arm-none-eabi/7.3.1/../../../../arm-none-eabi/lib/thumb/v7e-m/fpv4-sp/hard\libc_nano.a(lib_a-exit.o) (_global_impure_ptr)
c:/st/stm32cubeide_1.2.0/stm32cubeide/plugins/com.st.stm32cube.ide.mcu.externaltools.gnu-tools-for-stm32.7-2018-q2-update.win32_1.0.0.201904181610/tools/bin/../lib/gcc/arm-none-eabi/7.3.1/../../../../arm-none-eabi/lib/thumb/v7e-m/fpv4-sp/hard\libc_nano.a(lib_a-init.o)
                              c:/st/stm32cubeide_1.2.0/stm32cubeide/plugins/com.st.stm32cube.ide.mcu.externaltools.gnu-tools-for-stm32.7-2018-q2-update.win32_1.0.0.201904181610/tools/bin/../lib/gcc/arm-none-eabi/7.3.1/../../../../arm-none-eabi/lib/thumb/v7e-m/fpv4-sp/hard/crt0.o (__libc_init_array)
c:/st/stm32cubeide_1.2.0/stm32cubeide/plugins/com.st.stm32cube.ide.mcu.externaltools.gnu-tools-for-stm32.7-2018-q2-update.win32_1.0.0.201904181610/tools/bin/../lib/gcc/arm-none-eabi/7.3.1/../../../../arm-none-eabi/lib/thumb/v7e-m/fpv4-sp/hard\libc_nano.a(lib_a-memcpy-stub.o)
                              Drivers/Libraries/VL53L1X/platform/vl53l1_platform.o (memcpy)
c:/st/stm32cubeide_1.2.0/stm32cubeide/plugins/com.st.stm32cube.ide.mcu.externaltools.gnu-tools-for-stm32.7-2018-q2-update.win32_1.0.0.201904181610/tools/bin/../lib/gcc/arm-none-eabi/7.3.1/../../../../arm-none-eabi/lib/thumb/v7e-m/fpv4-sp/hard\libc_nano.a(lib_a-memset.o)
                              c:/st/stm32cubeide_1.2.0/stm32cubeide/plugins/com.st.stm32cube.ide.mcu.externaltools.gnu-tools-for-stm32.7-2018-q2-update.win32_1.0.0.201904181610/tools/bin/../lib/gcc/arm-none-eabi/7.3.1/../../../../arm-none-eabi/lib/thumb/v7e-m/fpv4-sp/hard/crt0.o (memset)
c:/st/stm32cubeide_1.2.0/stm32cubeide/plugins/com.st.stm32cube.ide.mcu.externaltools.gnu-tools-for-stm32.7-2018-q2-update.win32_1.0.0.201904181610/tools/bin/../lib/gcc/arm-none-eabi/7.3.1/../../../../arm-none-eabi/lib/thumb/v7e-m/fpv4-sp/hard\libc_nano.a(lib_a-printf.o)
                              Core/Src/main.o (printf)
c:/st/stm32cubeide_1.2.0/stm32cubeide/plugins/com.st.stm32cube.ide.mcu.externaltools.gnu-tools-for-stm32.7-2018-q2-update.win32_1.0.0.201904181610/tools/bin/../lib/gcc/arm-none-eabi/7.3.1/../../../../arm-none-eabi/lib/thumb/v7e-m/fpv4-sp/hard\libc_nano.a(lib_a-findfp.o)
                              c:/st/stm32cubeide_1.2.0/stm32cubeide/plugins/com.st.stm32cube.ide.mcu.externaltools.gnu-tools-for-stm32.7-2018-q2-update.win32_1.0.0.201904181610/tools/bin/../lib/gcc/arm-none-eabi/7.3.1/../../../../arm-none-eabi/lib/thumb/v7e-m/fpv4-sp/hard\libc_nano.a(lib_a-printf.o) (__sinit)
c:/st/stm32cubeide_1.2.0/stm32cubeide/plugins/com.st.stm32cube.ide.mcu.externaltools.gnu-tools-for-stm32.7-2018-q2-update.win32_1.0.0.201904181610/tools/bin/../lib/gcc/arm-none-eabi/7.3.1/../../../../arm-none-eabi/lib/thumb/v7e-m/fpv4-sp/hard\libc_nano.a(lib_a-fwalk.o)
                              c:/st/stm32cubeide_1.2.0/stm32cubeide/plugins/com.st.stm32cube.ide.mcu.externaltools.gnu-tools-for-stm32.7-2018-q2-update.win32_1.0.0.201904181610/tools/bin/../lib/gcc/arm-none-eabi/7.3.1/../../../../arm-none-eabi/lib/thumb/v7e-m/fpv4-sp/hard\libc_nano.a(lib_a-findfp.o) (_fwalk)
c:/st/stm32cubeide_1.2.0/stm32cubeide/plugins/com.st.stm32cube.ide.mcu.externaltools.gnu-tools-for-stm32.7-2018-q2-update.win32_1.0.0.201904181610/tools/bin/../lib/gcc/arm-none-eabi/7.3.1/../../../../arm-none-eabi/lib/thumb/v7e-m/fpv4-sp/hard\libc_nano.a(lib_a-nano-mallocr.o)
[...]
Memory Configuration

Name             Origin             Length             Attributes
RAM              0x0000000020000000 0x0000000000010000 xrw
FLASH            0x0000000008000000 0x0000000000040000 xr
*default*        0x0000000000000000 0xffffffffffffffff

Linker script and memory map

LOAD c:/st/stm32cubeide_1.2.0/stm32cubeide/plugins/com.st.stm32cube.ide.mcu.externaltools.gnu-tools-for-stm32.7-2018-q2-update.win32_1.0.0.201904181610/tools/bin/../lib/gcc/arm-none-eabi/7.3.1/thumb/v7e-m/fpv4-sp/hard/crti.o
LOAD c:/st/stm32cubeide_1.2.0/stm32cubeide/plugins/com.st.stm32cube.ide.mcu.externaltools.gnu-tools-for-stm32.7-2018-q2-update.win32_1.0.0.201904181610/tools/bin/../lib/gcc/arm-none-eabi/7.3.1/thumb/v7e-m/fpv4-sp/hard/crtbegin.o
LOAD c:/st/stm32cubeide_1.2.0/stm32cubeide/plugins/com.st.stm32cube.ide.mcu.externaltools.gnu-tools-for-stm32.7-2018-q2-update.win32_1.0.0.201904181610/tools/bin/../lib/gcc/arm-none-eabi/7.3.1/../../../../arm-none-eabi/lib/thumb/v7e-m/fpv4-sp/hard/crt0.o
LOAD Core/Src/main.o
LOAD Core/Src/stm32l4xx_hal_msp.o
LOAD Core/Src/stm32l4xx_it.o
LOAD Core/Src/syscalls.o
LOAD Core/Src/sysmem.o
LOAD Core/Src/system_stm32l4xx.o
LOAD Core/Startup/startup_stm32l432kcux.o
LOAD Drivers/Libraries/DoorSensor/DoorSensor.o
LOAD Drivers/Libraries/VL53L1X/core/VL53L1X_api.o
LOAD Drivers/Libraries/VL53L1X/core/VL53L1X_calibration.o
LOAD Drivers/Libraries/VL53L1X/platform/vl53l1_platform.o
LOAD Drivers/STM32L4xx_HAL_Driver/Src/stm32l4xx_hal.o
LOAD Drivers/STM32L4xx_HAL_Driver/Src/stm32l4xx_hal_cortex.o
LOAD Drivers/STM32L4xx_HAL_Driver/Src/stm32l4xx_hal_dma.o
LOAD Drivers/STM32L4xx_HAL_Driver/Src/stm32l4xx_hal_dma_ex.o
LOAD Drivers/STM32L4xx_HAL_Driver/Src/stm32l4xx_hal_exti.o
LOAD Drivers/STM32L4xx_HAL_Driver/Src/stm32l4xx_hal_flash.o
LOAD Drivers/STM32L4xx_HAL_Driver/Src/stm32l4xx_hal_flash_ex.o
LOAD Drivers/STM32L4xx_HAL_Driver/Src/stm32l4xx_hal_flash_ramfunc.o
LOAD Drivers/STM32L4xx_HAL_Driver/Src/stm32l4xx_hal_gpio.o
LOAD Drivers/STM32L4xx_HAL_Driver/Src/stm32l4xx_hal_i2c.o
LOAD Drivers/STM32L4xx_HAL_Driver/Src/stm32l4xx_hal_i2c_ex.o
LOAD Drivers/STM32L4xx_HAL_Driver/Src/stm32l4xx_hal_pwr.o
LOAD Drivers/STM32L4xx_HAL_Driver/Src/stm32l4xx_hal_pwr_ex.o
LOAD Drivers/STM32L4xx_HAL_Driver/Src/stm32l4xx_hal_rcc.o
LOAD Drivers/STM32L4xx_HAL_Driver/Src/stm32l4xx_hal_rcc_ex.o
LOAD Drivers/STM32L4xx_HAL_Driver/Src/stm32l4xx_hal_tim.o
LOAD Drivers/STM32L4xx_HAL_Driver/Src/stm32l4xx_hal_tim_ex.o
LOAD Drivers/STM32L4xx_HAL_Driver/Src/stm32l4xx_hal_uart.o
LOAD Drivers/STM32L4xx_HAL_Driver/Src/stm32l4xx_hal_uart_ex.o
START GROUP
LOAD c:/st/stm32cubeide_1.2.0/stm32cubeide/plugins/com.st.stm32cube.ide.mcu.externaltools.gnu-tools-for-stm32.7-2018-q2-update.win32_1.0.0.201904181610/tools/bin/../lib/gcc/arm-none-eabi/7.3.1/../../../../arm-none-eabi/lib/thumb/v7e-m/fpv4-sp/hard\libc_nano.a
LOAD c:/st/stm32cubeide_1.2.0/stm32cubeide/plugins/com.st.stm32cube.ide.mcu.externaltools.gnu-tools-for-stm32.7-2018-q2-update.win32_1.0.0.201904181610/tools/bin/../lib/gcc/arm-none-eabi/7.3.1/../../../../arm-none-eabi/lib/thumb/v7e-m/fpv4-sp/hard\libm.a
END GROUP
START GROUP
LOAD c:/st/stm32cubeide_1.2.0/stm32cubeide/plugins/com.st.stm32cube.ide.mcu.externaltools.gnu-tools-for-stm32.7-2018-q2-update.win32_1.0.0.201904181610/tools/bin/../lib/gcc/arm-none-eabi/7.3.1/thumb/v7e-m/fpv4-sp/hard\libgcc.a
LOAD c:/st/stm32cubeide_1.2.0/stm32cubeide/plugins/com.st.stm32cube.ide.mcu.externaltools.gnu-tools-for-stm32.7-2018-q2-update.win32_1.0.0.201904181610/tools/bin/../lib/gcc/arm-none-eabi/7.3.1/../../../../arm-none-eabi/lib/thumb/v7e-m/fpv4-sp/hard\libc_nano.a
END GROUP
START GROUP
LOAD c:/st/stm32cubeide_1.2.0/stm32cubeide/plugins/com.st.stm32cube.ide.mcu.externaltools.gnu-tools-for-stm32.7-2018-q2-update.win32_1.0.0.201904181610/tools/bin/../lib/gcc/arm-none-eabi/7.3.1/thumb/v7e-m/fpv4-sp/hard\libgcc.a
LOAD c:/st/stm32cubeide_1.2.0/stm32cubeide/plugins/com.st.stm32cube.ide.mcu.externaltools.gnu-tools-for-stm32.7-2018-q2-update.win32_1.0.0.201904181610/tools/bin/../lib/gcc/arm-none-eabi/7.3.1/../../../../arm-none-eabi/lib/thumb/v7e-m/fpv4-sp/hard\libc_nano.a
LOAD c:/st/stm32cubeide_1.2.0/stm32cubeide/plugins/com.st.stm32cube.ide.mcu.externaltools.gnu-tools-for-stm32.7-2018-q2-update.win32_1.0.0.201904181610/tools/bin/../lib/gcc/arm-none-eabi/7.3.1/../../../../arm-none-eabi/lib/thumb/v7e-m/fpv4-sp/hard\libnosys.a
END GROUP
START GROUP
LOAD c:/st/stm32cubeide_1.2.0/stm32cubeide/plugins/com.st.stm32cube.ide.mcu.externaltools.gnu-tools-for-stm32.7-2018-q2-update.win32_1.0.0.201904181610/tools/bin/../lib/gcc/arm-none-eabi/7.3.1/thumb/v7e-m/fpv4-sp/hard\libgcc.a
LOAD c:/st/stm32cubeide_1.2.0/stm32cubeide/plugins/com.st.stm32cube.ide.mcu.externaltools.gnu-tools-for-stm32.7-2018-q2-update.win32_1.0.0.201904181610/tools/bin/../lib/gcc/arm-none-eabi/7.3.1/../../../../arm-none-eabi/lib/thumb/v7e-m/fpv4-sp/hard\libc_nano.a
LOAD c:/st/stm32cubeide_1.2.0/stm32cubeide/plugins/com.st.stm32cube.ide.mcu.externaltools.gnu-tools-for-stm32.7-2018-q2-update.win32_1.0.0.201904181610/tools/bin/../lib/gcc/arm-none-eabi/7.3.1/../../../../arm-none-eabi/lib/thumb/v7e-m/fpv4-sp/hard\libnosys.a
END GROUP
LOAD c:/st/stm32cubeide_1.2.0/stm32cubeide/plugins/com.st.stm32cube.ide.mcu.externaltools.gnu-tools-for-stm32.7-2018-q2-update.win32_1.0.0.201904181610/tools/bin/../lib/gcc/arm-none-eabi/7.3.1/thumb/v7e-m/fpv4-sp/hard/crtend.o
LOAD c:/st/stm32cubeide_1.2.0/stm32cubeide/plugins/com.st.stm32cube.ide.mcu.externaltools.gnu-tools-for-stm32.7-2018-q2-update.win32_1.0.0.201904181610/tools/bin/../lib/gcc/arm-none-eabi/7.3.1/thumb/v7e-m/fpv4-sp/hard/crtn.o
                0x0000000020010000                _estack = (ORIGIN (RAM) + LENGTH (RAM))
                0x0000000000000200                _Min_Heap_Size = 0x200
                0x0000000000000400                _Min_Stack_Size = 0x400

.isr_vector     0x0000000008000000      0x18c
                0x0000000008000000                . = ALIGN (0x4)
 *(.isr_vector)
 .isr_vector    0x0000000008000000      0x18c Core/Startup/startup_stm32l432kcux.o
                0x0000000008000000                g_pfnVectors
                0x000000000800018c                . = ALIGN (0x4)

.text           0x0000000008000190     0x5bf4
                0x0000000008000190                . = ALIGN (0x4)
 *(.text)
 .text          0x0000000008000190       0x40 c:/st/stm32cubeide_1.2.0/stm32cubeide/plugins/com.st.stm32cube.ide.mcu.externaltools.gnu-tools-for-stm32.7-2018-q2-update.win32_1.0.0.201904181610/tools/bin/../lib/gcc/arm-none-eabi/7.3.1/thumb/v7e-m/fpv4-sp/hard/crtbegin.o
 .text          0x00000000080001d0       0xa0 c:/st/stm32cubeide_1.2.0/stm32cubeide/plugins/com.st.stm32cube.ide.mcu.externaltools.gnu-tools-for-stm32.7-2018-q2-update.win32_1.0.0.201904181610/tools/bin/../lib/gcc/arm-none-eabi/7.3.1/../../../../arm-none-eabi/lib/thumb/v7e-m/fpv4-sp/hard\libc_nano.a(lib_a-memchr.o)
                0x00000000080001d0                memchr
 .text          0x0000000008000270      0x378 c:/st/stm32cubeide_1.2.0/stm32cubeide/plugins/com.st.stm32cube.ide.mcu.externaltools.gnu-tools-for-stm32.7-2018-q2-update.win32_1.0.0.201904181610/tools/bin/../lib/gcc/arm-none-eabi/7.3.1/thumb/v7e-m/fpv4-sp/hard\libgcc.a(_arm_addsubdf3.o)
                0x0000000008000270                __aeabi_drsub
                0x0000000008000278                __aeabi_dsub
                0x0000000008000278                __subdf3
                0x000000000800027c                __aeabi_dadd
                0x000000000800027c                __adddf3
                0x00000000080004f4                __floatunsidf
                0x00000000080004f4                __aeabi_ui2d
                0x0000000008000514                __floatsidf
                0x0000000008000514                __aeabi_i2d
                0x0000000008000538                __aeabi_f2d
                0x0000000008000538                __extendsfdf2
                0x000000000800057c                __floatundidf
                0x000000000800057c                __aeabi_ul2d
                0x000000000800058c                __floatdidf
                0x000000000800058c                __aeabi_l2d
 .text          0x00000000080005e8      0x424 c:/st/stm32cubeide_1.2.0/stm32cubeide/plugins/com.st.stm32cube.ide.mcu.externaltools.gnu-tools-for-stm32.7-2018-q2-update.win32_1.0.0.201904181610/tools/bin/../lib/gcc/arm-none-eabi/7.3.1/thumb/v7e-m/fpv4-sp/hard\libgcc.a(_arm_muldivdf3.o)
                0x00000000080005e8                __aeabi_dmul
                0x00000000080005e8                __muldf3
                0x000000000800083c                __divdf3
                0x000000000800083c                __aeabi_ddiv
 .text          0x0000000008000a0c       0x40 c:/st/stm32cubeide_1.2.0/stm32cubeide/plugins/com.st.stm32cube.ide.mcu.externaltools.gnu-tools-for-stm32.7-2018-q2-update.win32_1.0.0.201904181610/tools/bin/../lib/gcc/arm-none-eabi/7.3.1/thumb/v7e-m/fpv4-sp/hard\libgcc.a(_arm_fixunsdfsi.o)
                0x0000000008000a0c                __aeabi_d2uiz
                0x0000000008000a0c                __fixunsdfsi
 .text          0x0000000008000a4c       0x30 c:/st/stm32cubeide_1.2.0/stm32cubeide/plugins/com.st.stm32cube.ide.mcu.externaltools.gnu-tools-for-stm32.7-2018-q2-update.win32_1.0.0.201904181610/tools/bin/../lib/gcc/arm-none-eabi/7.3.1/thumb/v7e-m/fpv4-sp/hard\libgcc.a(_aeabi_uldivmod.o)
                0x0000000008000a4c                __aeabi_uldivmod
 .text          0x0000000008000a7c      0x2cc c:/st/stm32cubeide_1.2.0/stm32cubeide/plugins/com.st.stm32cube.ide.mcu.externaltools.gnu-tools-for-stm32.7-2018-q2-update.win32_1.0.0.201904181610/tools/bin/../lib/gcc/arm-none-eabi/7.3.1/thumb/v7e-m/fpv4-sp/hard\libgcc.a(_udivmoddi4.o)
                0x0000000008000a7c                __udivmoddi4
 .text          0x0000000008000d48        0x4 c:/st/stm32cubeide_1.2.0/stm32cubeide/plugins/com.st.stm32cube.ide.mcu.externaltools.gnu-tools-for-stm32.7-2018-q2-update.win32_1.0.0.201904181610/tools/bin/../lib/gcc/arm-none-eabi/7.3.1/thumb/v7e-m/fpv4-sp/hard\libgcc.a(_dvmd_tls.o)
                0x0000000008000d48                __aeabi_idiv0
                0x0000000008000d48                __aeabi_ldiv0
 *(.text*)
 .text.main     0x0000000008000d4c       0x78 Core/Src/main.o
                0x0000000008000d4c                main
 .text.SystemClock_Config
                0x0000000008000dc4       0xba Core/Src/main.o
                0x0000000008000dc4                SystemClock_Config
 *fill*         0x0000000008000e7e        0x2 
 .text.MX_I2C1_Init
                0x0000000008000e80       0x80 Core/Src/main.o
 .text.MX_USART2_UART_Init
                0x0000000008000f00       0x60 Core/Src/main.o
 .text.MX_GPIO_Init
                0x0000000008000f60       0x7c Core/Src/main.o
 .text.__io_putchar
                0x0000000008000fdc       0x2c Core/Src/main.o
                0x0000000008000fdc                __io_putchar
 .text._write   0x0000000008001008       0x38 Core/Src/main.o
                0x0000000008001008                _write
 .text.Error_Handler
                0x0000000008001040        0xe Core/Src/main.o
                0x0000000008001040                Error_Handler
 *fill*         0x000000000800104e        0x2 
 .text.HAL_MspInit
                0x0000000008001050       0x48 Core/Src/stm32l4xx_hal_msp.o
                0x0000000008001050                HAL_MspInit
 .text.HAL_I2C_MspInit
                0x0000000008001098       0x88 Core/Src/stm32l4xx_hal_msp.o
                0x0000000008001098                HAL_I2C_MspInit
 .text.HAL_UART_MspInit
                0x0000000008001120       0x84 Core/Src/stm32l4xx_hal_msp.o
                0x0000000008001120                HAL_UART_MspInit
 .text.NMI_Handler
                0x00000000080011a4        0xe Core/Src/stm32l4xx_it.o
                0x00000000080011a4                NMI_Handler
 .text.HardFault_Handler
                0x00000000080011b2        0x6 Core/Src/stm32l4xx_it.o
                0x00000000080011b2                HardFault_Handler
 .text.MemManage_Handler
                0x00000000080011b8        0x6 Core/Src/stm32l4xx_it.o
                0x00000000080011b8                MemManage_Handler
 .text.BusFault_Handler
                0x00000000080011be        0x6 Core/Src/stm32l4xx_it.o
                0x00000000080011be                BusFault_Handler
 .text.UsageFault_Handler
                0x00000000080011c4        0x6 Core/Src/stm32l4xx_it.o
                0x00000000080011c4                UsageFault_Handler
 .text.SVC_Handler
                0x00000000080011ca        0xe Core/Src/stm32l4xx_it.o
                0x00000000080011ca                SVC_Handler
 .text.DebugMon_Handler
                0x00000000080011d8        0xe Core/Src/stm32l4xx_it.o
                0x00000000080011d8                DebugMon_Handler
 .text.PendSV_Handler
                0x00000000080011e6        0xe Core/Src/stm32l4xx_it.o
                0x00000000080011e6                PendSV_Handler
 .text.SysTick_Handler
                0x00000000080011f4        0xc Core/Src/stm32l4xx_it.o
                0x00000000080011f4                SysTick_Handler
 .text._read    0x0000000008001200       0x3a Core/Src/syscalls.o
                0x0000000008001200                _read
 .text._close   0x000000000800123a       0x18 Core/Src/syscalls.o
                0x000000000800123a                _close
 .text._fstat   0x0000000008001252       0x20 Core/Src/syscalls.o
                0x0000000008001252                _fstat
 .text._isatty  0x0000000008001272       0x16 Core/Src/syscalls.o
                0x0000000008001272                _isatty
 .text._lseek   0x0000000008001288       0x1a Core/Src/syscalls.o
                0x0000000008001288                _lseek
 *fill*         0x00000000080012a2        0x2 
 .text._sbrk    0x00000000080012a4       0x58 Core/Src/sysmem.o
                0x00000000080012a4                _sbrk
 .text.SystemInit
                0x00000000080012fc       0x6c Core/Src/system_stm32l4xx.o
                0x00000000080012fc                SystemInit
 .text.Reset_Handler
                0x0000000008001368       0x50 Core/Startup/startup_stm32l432kcux.o
                0x0000000008001368                Reset_Handler
 .text.Default_Handler
                0x00000000080013b8        0x2 Core/Startup/startup_stm32l432kcux.o
                0x00000000080013b8                RTC_Alarm_IRQHandler
                0x00000000080013b8                EXTI2_IRQHandler
                0x00000000080013b8                TIM1_CC_IRQHandler
                0x00000000080013b8                TSC_IRQHandler
                0x00000000080013b8                TAMP_STAMP_IRQHandler
                0x00000000080013b8                EXTI3_IRQHandler
                0x00000000080013b8                LPTIM2_IRQHandler
                0x00000000080013b8                I2C3_ER_IRQHandler
                0x00000000080013b8                EXTI0_IRQHandler
                0x00000000080013b8                CAN1_RX0_IRQHandler
                0x00000000080013b8                FPU_IRQHandler
                0x00000000080013b8                TIM1_UP_TIM16_IRQHandler
                0x00000000080013b8                SPI1_IRQHandler
                0x00000000080013b8                TIM6_DAC_IRQHandler
                0x00000000080013b8                DMA2_Channel2_IRQHandler
                0x00000000080013b8                DMA1_Channel4_IRQHandler
                0x00000000080013b8                ADC1_IRQHandler
                0x00000000080013b8                DMA1_Channel7_IRQHandler
                0x00000000080013b8                CAN1_RX1_IRQHandler
                0x00000000080013b8                DMA2_Channel1_IRQHandler
                0x00000000080013b8                QUADSPI_IRQHandler
                0x00000000080013b8                I2C1_EV_IRQHandler
                0x00000000080013b8                DMA1_Channel6_IRQHandler
                0x00000000080013b8                DMA2_Channel4_IRQHandler
                0x00000000080013b8                RCC_IRQHandler
                0x00000000080013b8                TIM1_TRG_COM_IRQHandler
                0x00000000080013b8                DMA1_Channel1_IRQHandler
                0x00000000080013b8                Default_Handler
                0x00000000080013b8                DMA2_Channel7_IRQHandler
                0x00000000080013b8                EXTI15_10_IRQHandler
                0x00000000080013b8                TIM7_IRQHandler
                0x00000000080013b8                I2C3_EV_IRQHandler
                0x00000000080013b8                USB_IRQHandler
                0x00000000080013b8                EXTI9_5_IRQHandler
                0x00000000080013b8                RTC_WKUP_IRQHandler
                0x00000000080013b8                PVD_PVM_IRQHandler
                0x00000000080013b8                CAN1_TX_IRQHandler
                0x00000000080013b8                DMA2_Channel5_IRQHandler
                0x00000000080013b8                CRS_IRQHandler
                0x00000000080013b8                DMA1_Channel5_IRQHandler
                0x00000000080013b8                EXTI4_IRQHandler
                0x00000000080013b8                RNG_IRQHandler
                0x00000000080013b8                DMA1_Channel3_IRQHandler
                0x00000000080013b8                COMP_IRQHandler
                0x00000000080013b8                WWDG_IRQHandler
                0x00000000080013b8                LPUART1_IRQHandler
                0x00000000080013b8                DMA2_Channel6_IRQHandler
                0x00000000080013b8                TIM2_IRQHandler
                0x00000000080013b8                EXTI1_IRQHandler
                0x00000000080013b8                USART2_IRQHandler
                0x00000000080013b8                DMA1_Channel2_IRQHandler
                0x00000000080013b8                CAN1_SCE_IRQHandler
                0x00000000080013b8                FLASH_IRQHandler
                0x00000000080013b8                USART1_IRQHandler
                0x00000000080013b8                SPI3_IRQHandler
                0x00000000080013b8                I2C1_ER_IRQHandler
                0x00000000080013b8                SWPMI1_IRQHandler
                0x00000000080013b8                LPTIM1_IRQHandler
                0x00000000080013b8                SAI1_IRQHandler
                0x00000000080013b8                DMA2_Channel3_IRQHandler
                0x00000000080013b8                TIM1_BRK_TIM15_IRQHandler
 *fill*         0x00000000080013ba        0x2 
 .text.__NVIC_SystemReset
                0x00000000080013bc       0x28 Drivers/Libraries/DoorSensor/DoorSensor.o
 .text.DoorSensor_Init
                0x00000000080013e4       0xe8 Drivers/Libraries/DoorSensor/DoorSensor.o
                0x00000000080013e4                DoorSensor_Init
 .text.DoorSensor_Tasks
                0x00000000080014cc      0x120 Drivers/Libraries/DoorSensor/DoorSensor.o
                0x00000000080014cc                DoorSensor_Tasks
 .text.ProcessPeopleCountingData
                0x00000000080015ec      0x148 Drivers/Libraries/DoorSensor/DoorSensor.o
 .text.VL53L1X_SensorInit
                0x0000000008001734       0xb0 Drivers/Libraries/VL53L1X/core/VL53L1X_api.o
                0x0000000008001734                VL53L1X_SensorInit
 .text.VL53L1X_ClearInterrupt
                0x00000000080017e4       0x2a Drivers/Libraries/VL53L1X/core/VL53L1X_api.o
                0x00000000080017e4                VL53L1X_ClearInterrupt
 .text.VL53L1X_GetInterruptPolarity
                0x000000000800180e       0x4e Drivers/Libraries/VL53L1X/core/VL53L1X_api.o
                0x000000000800180e                VL53L1X_GetInterruptPolarity
 .text.VL53L1X_StartRanging
                0x000000000800185c       0x2a Drivers/Libraries/VL53L1X/core/VL53L1X_api.o
                0x000000000800185c                VL53L1X_StartRanging
 .text.VL53L1X_StopRanging
                0x0000000008001886       0x2a Drivers/Libraries/VL53L1X/core/VL53L1X_api.o
                0x0000000008001886                VL53L1X_StopRanging
 .text.VL53L1X_CheckForDataReady
                0x00000000080018b0       0x62 Drivers/Libraries/VL53L1X/core/VL53L1X_api.o
                0x00000000080018b0                VL53L1X_CheckForDataReady
 .text.VL53L1X_SetTimingBudgetInMs
                0x0000000008001912      0x20a Drivers/Libraries/VL53L1X/core/VL53L1X_api.o
                0x0000000008001912                VL53L1X_SetTimingBudgetInMs
 .text.VL53L1X_GetTimingBudgetInMs
                0x0000000008001b1c       0xda Drivers/Libraries/VL53L1X/core/VL53L1X_api.o
                0x0000000008001b1c                VL53L1X_GetTimingBudgetInMs
 .text.VL53L1X_SetDistanceMode
                0x0000000008001bf6      0x134 Drivers/Libraries/VL53L1X/core/VL53L1X_api.o
                0x0000000008001bf6                VL53L1X_SetDistanceMode
 .text.VL53L1X_GetDistanceMode
                0x0000000008001d2a       0x46 Drivers/Libraries/VL53L1X/core/VL53L1X_api.o
                0x0000000008001d2a                VL53L1X_GetDistanceMode
 .text.VL53L1X_SetInterMeasurementInMs
                0x0000000008001d70       0x78 Drivers/Libraries/VL53L1X/core/VL53L1X_api.o
                0x0000000008001d70                VL53L1X_SetInterMeasurementInMs
 .text.VL53L1X_BootState
                0x0000000008001de8       0x38 Drivers/Libraries/VL53L1X/core/VL53L1X_api.o
                0x0000000008001de8                VL53L1X_BootState
 .text.VL53L1X_GetDistance
                0x0000000008001e20       0x34 Drivers/Libraries/VL53L1X/core/VL53L1X_api.o
                0x0000000008001e20                VL53L1X_GetDistance
 .text.VL53L1X_GetRangeStatus
                0x0000000008001e54       0x54 Drivers/Libraries/VL53L1X/core/VL53L1X_api.o
                0x0000000008001e54                VL53L1X_GetRangeStatus
 .text.VL53L1X_SetROICenter
                0x0000000008001ea8       0x30 Drivers/Libraries/VL53L1X/core/VL53L1X_api.o
                0x0000000008001ea8                VL53L1X_SetROICenter
 .text.VL53L1X_SetROI
                0x0000000008001ed8       0x90 Drivers/Libraries/VL53L1X/core/VL53L1X_api.o
                0x0000000008001ed8                VL53L1X_SetROI
 .text._I2CWrite
                0x0000000008001f68       0x3c Drivers/Libraries/VL53L1X/platform/vl53l1_platform.o
                0x0000000008001f68                _I2CWrite
 .text._I2CRead
                0x0000000008001fa4       0x40 Drivers/Libraries/VL53L1X/platform/vl53l1_platform.o
                0x0000000008001fa4                _I2CRead
 .text.VL53L1_WrByte
                0x0000000008001fe4       0x58 Drivers/Libraries/VL53L1X/platform/vl53l1_platform.o
                0x0000000008001fe4                VL53L1_WrByte
 .text.VL53L1_WrWord
                0x000000000800203c       0x68 Drivers/Libraries/VL53L1X/platform/vl53l1_platform.o
                0x000000000800203c                VL53L1_WrWord
 .text.VL53L1_WrDWord
                0x00000000080020a4       0x78 Drivers/Libraries/VL53L1X/platform/vl53l1_platform.o
                0x00000000080020a4                VL53L1_WrDWord
 .text.VL53L1_RdByte
                0x000000000800211c       0x70 Drivers/Libraries/VL53L1X/platform/vl53l1_platform.o
                0x000000000800211c                VL53L1_RdByte
 .text.VL53L1_RdWord
                0x000000000800218c       0x84 Drivers/Libraries/VL53L1X/platform/vl53l1_platform.o
                0x000000000800218c                VL53L1_RdWord
 .text.HAL_Init
                0x0000000008002210       0x30 Drivers/STM32L4xx_HAL_Driver/Src/stm32l4xx_hal.o
                0x0000000008002210                HAL_Init
 .text.HAL_InitTick
                0x0000000008002240       0x74 Drivers/STM32L4xx_HAL_Driver/Src/stm32l4xx_hal.o
                0x0000000008002240                HAL_InitTick
 .text.HAL_IncTick
                0x00000000080022b4       0x24 Drivers/STM32L4xx_HAL_Driver/Src/stm32l4xx_hal.o
                0x00000000080022b4                HAL_IncTick
 .text.HAL_GetTick
                0x00000000080022d8       0x18 Drivers/STM32L4xx_HAL_Driver/Src/stm32l4xx_hal.o
                0x00000000080022d8                HAL_GetTick
 .text.HAL_Delay
                0x00000000080022f0       0x44 Drivers/STM32L4xx_HAL_Driver/Src/stm32l4xx_hal.o
                0x00000000080022f0                HAL_Delay
 .text.__NVIC_SetPriorityGrouping
                0x0000000008002334       0x48 Drivers/STM32L4xx_HAL_Driver/Src/stm32l4xx_hal_cortex.o
 .text.__NVIC_GetPriorityGrouping
                0x000000000800237c       0x1c Drivers/STM32L4xx_HAL_Driver/Src/stm32l4xx_hal_cortex.o
 .text.__NVIC_SetPriority
                0x0000000008002398       0x54 Drivers/STM32L4xx_HAL_Driver/Src/stm32l4xx_hal_cortex.o
 .text.NVIC_EncodePriority
                0x00000000080023ec       0x66 Drivers/STM32L4xx_HAL_Driver/Src/stm32l4xx_hal_cortex.o
 *fill*         0x0000000008002452        0x2 
 .text.SysTick_Config
                0x0000000008002454       0x44 Drivers/STM32L4xx_HAL_Driver/Src/stm32l4xx_hal_cortex.o
 .text.HAL_NVIC_SetPriorityGrouping
                0x0000000008002498       0x16 Drivers/STM32L4xx_HAL_Driver/Src/stm32l4xx_hal_cortex.o
                0x0000000008002498                HAL_NVIC_SetPriorityGrouping
 .text.HAL_NVIC_SetPriority
                0x00000000080024ae       0x38 Drivers/STM32L4xx_HAL_Driver/Src/stm32l4xx_hal_cortex.o
                0x00000000080024ae                HAL_NVIC_SetPriority
 .text.HAL_SYSTICK_Config
                0x00000000080024e6       0x18 Drivers/STM32L4xx_HAL_Driver/Src/stm32l4xx_hal_cortex.o
                0x00000000080024e6                HAL_SYSTICK_Config
 *fill*         0x00000000080024fe        0x2 
 .text.HAL_GPIO_Init
                0x0000000008002500      0x2d4 Drivers/STM32L4xx_HAL_Driver/Src/stm32l4xx_hal_gpio.o
                0x0000000008002500                HAL_GPIO_Init
 .text.HAL_GPIO_WritePin
                0x00000000080027d4       0x30 Drivers/STM32L4xx_HAL_Driver/Src/stm32l4xx_hal_gpio.o
                0x00000000080027d4                HAL_GPIO_WritePin
 .text.HAL_GPIO_TogglePin
                0x0000000008002804       0x32 Drivers/STM32L4xx_HAL_Driver/Src/stm32l4xx_hal_gpio.o
                0x0000000008002804                HAL_GPIO_TogglePin
 .text.HAL_I2C_Init
                0x0000000008002836      0x11e Drivers/STM32L4xx_HAL_Driver/Src/stm32l4xx_hal_i2c.o
                0x0000000008002836                HAL_I2C_Init
 .text.HAL_I2C_Master_Transmit
                0x0000000008002954      0x1e8 Drivers/STM32L4xx_HAL_Driver/Src/stm32l4xx_hal_i2c.o
                0x0000000008002954                HAL_I2C_Master_Transmit
 .text.HAL_I2C_Master_Receive
                0x0000000008002b3c      0x1ec Drivers/STM32L4xx_HAL_Driver/Src/stm32l4xx_hal_i2c.o
                0x0000000008002b3c                HAL_I2C_Master_Receive
 .text.I2C_Flush_TXDR
                0x0000000008002d28       0x48 Drivers/STM32L4xx_HAL_Driver/Src/stm32l4xx_hal_i2c.o
 .text.I2C_WaitOnFlagUntilTimeout
                0x0000000008002d70       0x80 Drivers/STM32L4xx_HAL_Driver/Src/stm32l4xx_hal_i2c.o
 .text.I2C_WaitOnTXISFlagUntilTimeout
                0x0000000008002df0       0x80 Drivers/STM32L4xx_HAL_Driver/Src/stm32l4xx_hal_i2c.o
 .text.I2C_WaitOnSTOPFlagUntilTimeout
                0x0000000008002e70       0x78 Drivers/STM32L4xx_HAL_Driver/Src/stm32l4xx_hal_i2c.o
 .text.I2C_WaitOnRXNEFlagUntilTimeout
                0x0000000008002ee8       0xd8 Drivers/STM32L4xx_HAL_Driver/Src/stm32l4xx_hal_i2c.o
 .text.I2C_IsAcknowledgeFailed
                0x0000000008002fc0       0xcc Drivers/STM32L4xx_HAL_Driver/Src/stm32l4xx_hal_i2c.o
 .text.I2C_TransferConfig
                0x000000000800308c       0x5c Drivers/STM32L4xx_HAL_Driver/Src/stm32l4xx_hal_i2c.o
 .text.HAL_I2CEx_ConfigAnalogFilter
                0x00000000080030e8       0x96 Drivers/STM32L4xx_HAL_Driver/Src/stm32l4xx_hal_i2c_ex.o
                0x00000000080030e8                HAL_I2CEx_ConfigAnalogFilter
 .text.HAL_I2CEx_ConfigDigitalFilter
                0x000000000800317e       0x98 Drivers/STM32L4xx_HAL_Driver/Src/stm32l4xx_hal_i2c_ex.o
                0x000000000800317e                HAL_I2CEx_ConfigDigitalFilter
 *fill*         0x0000000008003216        0x2 
 .text.HAL_PWREx_GetVoltageRange
                0x0000000008003218       0x1c Drivers/STM32L4xx_HAL_Driver/Src/stm32l4xx_hal_pwr_ex.o
                0x0000000008003218                HAL_PWREx_GetVoltageRange
 .text.HAL_PWREx_ControlVoltageScaling
                0x0000000008003234       0xac Drivers/STM32L4xx_HAL_Driver/Src/stm32l4xx_hal_pwr_ex.o
                0x0000000008003234                HAL_PWREx_ControlVoltageScaling
 .text.HAL_RCC_OscConfig
                0x00000000080032e0      0x840 Drivers/STM32L4xx_HAL_Driver/Src/stm32l4xx_hal_rcc.o
                0x00000000080032e0                HAL_RCC_OscConfig
 .text.HAL_RCC_ClockConfig
                0x0000000008003b20      0x1c4 Drivers/STM32L4xx_HAL_Driver/Src/stm32l4xx_hal_rcc.o
                0x0000000008003b20                HAL_RCC_ClockConfig
 .text.HAL_RCC_GetSysClockFreq
                0x0000000008003ce4      0x114 Drivers/STM32L4xx_HAL_Driver/Src/stm32l4xx_hal_rcc.o
                0x0000000008003ce4                HAL_RCC_GetSysClockFreq
 .text.HAL_RCC_GetHCLKFreq
                0x0000000008003df8       0x18 Drivers/STM32L4xx_HAL_Driver/Src/stm32l4xx_hal_rcc.o
                0x0000000008003df8                HAL_RCC_GetHCLKFreq
 .text.HAL_RCC_GetPCLK1Freq
                0x0000000008003e10       0x2c Drivers/STM32L4xx_HAL_Driver/Src/stm32l4xx_hal_rcc.o
                0x0000000008003e10                HAL_RCC_GetPCLK1Freq
 .text.HAL_RCC_GetPCLK2Freq
                0x0000000008003e3c       0x2c Drivers/STM32L4xx_HAL_Driver/Src/stm32l4xx_hal_rcc.o
                0x0000000008003e3c                HAL_RCC_GetPCLK2Freq
 .text.RCC_SetFlashLatencyFromMSIRange
                0x0000000008003e68       0xc0 Drivers/STM32L4xx_HAL_Driver/Src/stm32l4xx_hal_rcc.o
 .text.HAL_RCCEx_PeriphCLKConfig
                0x0000000008003f28      0x3e4 Drivers/STM32L4xx_HAL_Driver/Src/stm32l4xx_hal_rcc_ex.o
                0x0000000008003f28                HAL_RCCEx_PeriphCLKConfig
 .text.RCCEx_PLLSAI1_Config
                0x000000000800430c      0x1e0 Drivers/STM32L4xx_HAL_Driver/Src/stm32l4xx_hal_rcc_ex.o
 .text.HAL_UART_Init
                0x00000000080044ec       0x9c Drivers/STM32L4xx_HAL_Driver/Src/stm32l4xx_hal_uart.o
                0x00000000080044ec                HAL_UART_Init
 .text.HAL_UART_Transmit
                0x0000000008004588      0x126 Drivers/STM32L4xx_HAL_Driver/Src/stm32l4xx_hal_uart.o
                0x0000000008004588                HAL_UART_Transmit
 *fill*         0x00000000080046ae        0x2 
 .text.UART_SetConfig
                0x00000000080046b0      0x5cc Drivers/STM32L4xx_HAL_Driver/Src/stm32l4xx_hal_uart.o
                0x00000000080046b0                UART_SetConfig
 .text.UART_AdvFeatureConfig
                0x0000000008004c7c      0x144 Drivers/STM32L4xx_HAL_Driver/Src/stm32l4xx_hal_uart.o
                0x0000000008004c7c                UART_AdvFeatureConfig
 .text.UART_CheckIdleState
                0x0000000008004dc0       0x8a Drivers/STM32L4xx_HAL_Driver/Src/stm32l4xx_hal_uart.o
                0x0000000008004dc0                UART_CheckIdleState
 .text.UART_WaitOnFlagUntilTimeout
                0x0000000008004e4a       0xf6 Drivers/STM32L4xx_HAL_Driver/Src/stm32l4xx_hal_uart.o
                0x0000000008004e4a                UART_WaitOnFlagUntilTimeout
 .text.__errno  0x0000000008004f40        0xc c:/st/stm32cubeide_1.2.0/stm32cubeide/plugins/com.st.stm32cube.ide.mcu.externaltools.gnu-tools-for-stm32.7-2018-q2-update.win32_1.0.0.201904181610/tools/bin/../lib/gcc/arm-none-eabi/7.3.1/../../../../arm-none-eabi/lib/thumb/v7e-m/fpv4-sp/hard\libc_nano.a(lib_a-errno.o)
                0x0000000008004f40                __errno
 .text.__libc_init_array
                0x0000000008004f4c       0x48 c:/st/stm32cubeide_1.2.0/stm32cubeide/plugins/com.st.stm32cube.ide.mcu.externaltools.gnu-tools-for-stm32.7-2018-q2-update.win32_1.0.0.201904181610/tools/bin/../lib/gcc/arm-none-eabi/7.3.1/../../../../arm-none-eabi/lib/thumb/v7e-m/fpv4-sp/hard\libc_nano.a(lib_a-init.o)
                0x0000000008004f4c                __libc_init_array
 .text.memset   0x0000000008004f94       0x10 c:/st/stm32cubeide_1.2.0/stm32cubeide/plugins/com.st.stm32cube.ide.mcu.externaltools.gnu-tools-for-stm32.7-2018-q2-update.win32_1.0.0.201904181610/tools/bin/../lib/gcc/arm-none-eabi/7.3.1/../../../../arm-none-eabi/lib/thumb/v7e-m/fpv4-sp/hard\libc_nano.a(lib_a-memset.o)
                0x0000000008004f94                memset
 .text.printf   0x0000000008004fa4       0x30 c:/st/stm32cubeide_1.2.0/stm32cubeide/plugins/com.st.stm32cube.ide.mcu.externaltools.gnu-tools-for-stm32.7-2018-q2-update.win32_1.0.0.201904181610/tools/bin/../lib/gcc/arm-none-eabi/7.3.1/../../../../arm-none-eabi/lib/thumb/v7e-m/fpv4-sp/hard\libc_nano.a(lib_a-printf.o)
                0x0000000008004fa4                iprintf
                0x0000000008004fa4                printf
 .text.std      0x0000000008004fd4       0x48 c:/st/stm32cubeide_1.2.0/stm32cubeide/plugins/com.st.stm32cube.ide.mcu.externaltools.gnu-tools-for-stm32.7-2018-q2-update.win32_1.0.0.201904181610/tools/bin/../lib/gcc/arm-none-eabi/7.3.1/../../../../arm-none-eabi/lib/thumb/v7e-m/fpv4-sp/hard\libc_nano.a(lib_a-findfp.o)
 .text._cleanup_r
                0x000000000800501c        0xc c:/st/stm32cubeide_1.2.0/stm32cubeide/plugins/com.st.stm32cube.ide.mcu.externaltools.gnu-tools-for-stm32.7-2018-q2-update.win32_1.0.0.201904181610/tools/bin/../lib/gcc/arm-none-eabi/7.3.1/../../../../arm-none-eabi/lib/thumb/v7e-m/fpv4-sp/hard\libc_nano.a(lib_a-findfp.o)
                0x000000000800501c                _cleanup_r
 .text.__sfmoreglue
                0x0000000008005028       0x2c c:/st/stm32cubeide_1.2.0/stm32cubeide/plugins/com.st.stm32cube.ide.mcu.externaltools.gnu-tools-for-stm32.7-2018-q2-update.win32_1.0.0.201904181610/tools/bin/../lib/gcc/arm-none-eabi/7.3.1/../../../../arm-none-eabi/lib/thumb/v7e-m/fpv4-sp/hard\libc_nano.a(lib_a-findfp.o)
                0x0000000008005028                __sfmoreglue
 .text.__sinit  0x0000000008005054       0x60 c:/st/stm32cubeide_1.2.0/stm32cubeide/plugins/com.st.stm32cube.ide.mcu.externaltools.gnu-tools-for-stm32.7-2018-q2-update.win32_1.0.0.201904181610/tools/bin/../lib/gcc/arm-none-eabi/7.3.1/../../../../arm-none-eabi/lib/thumb/v7e-m/fpv4-sp/hard\libc_nano.a(lib_a-findfp.o)
                0x0000000008005054                __sinit
 .text.__sfp    0x00000000080050b4       0x78 c:/st/stm32cubeide_1.2.0/stm32cubeide/plugins/com.st.stm32cube.ide.mcu.externaltools.gnu-tools-for-stm32.7-2018-q2-update.win32_1.0.0.201904181610/tools/bin/../lib/gcc/arm-none-eabi/7.3.1/../../../../arm-none-eabi/lib/thumb/v7e-m/fpv4-sp/hard\libc_nano.a(lib_a-findfp.o)
                0x00000000080050b4                __sfp
 .text._fwalk_reent
                0x000000000800512c       0x3c c:/st/stm32cubeide_1.2.0/stm32cubeide/plugins/com.st.stm32cube.ide.mcu.externaltools.gnu-tools-for-stm32.7-2018-q2-update.win32_1.0.0.201904181610/tools/bin/../lib/gcc/arm-none-eabi/7.3.1/../../../../arm-none-eabi/lib/thumb/v7e-m/fpv4-sp/hard\libc_nano.a(lib_a-fwalk.o)
                0x000000000800512c                _fwalk_reent
 .text._malloc_r
                0x0000000008005168       0xb4 c:/st/stm32cubeide_1.2.0/stm32cubeide/plugins/com.st.stm32cube.ide.mcu.externaltools.gnu-tools-for-stm32.7-2018-q2-update.win32_1.0.0.201904181610/tools/bin/../lib/gcc/arm-none-eabi/7.3.1/../../../../arm-none-eabi/lib/thumb/v7e-m/fpv4-sp/hard\libc_nano.a(lib_a-nano-mallocr.o)
                0x0000000008005168                _malloc_r
 .text.__sfputc_r
                0x000000000800521c       0x2e c:/st/stm32cubeide_1.2.0/stm32cubeide/plugins/com.st.stm32cube.ide.mcu.externaltools.gnu-tools-for-stm32.7-2018-q2-update.win32_1.0.0.201904181610/tools/bin/../lib/gcc/arm-none-eabi/7.3.1/../../../../arm-none-eabi/lib/thumb/v7e-m/fpv4-sp/hard\libc_nano.a(lib_a-nano-vfprintf.o)
 .text.__sfputs_r
                0x000000000800524a       0x24 c:/st/stm32cubeide_1.2.0/stm32cubeide/plugins/com.st.stm32cube.ide.mcu.externaltools.gnu-tools-for-stm32.7-2018-q2-update.win32_1.0.0.201904181610/tools/bin/../lib/gcc/arm-none-eabi/7.3.1/../../../../arm-none-eabi/lib/thumb/v7e-m/fpv4-sp/hard\libc_nano.a(lib_a-nano-vfprintf.o)
                0x000000000800524a                __sfputs_r
 *fill*         0x000000000800526e        0x2 
 .text._vfprintf_r
                0x0000000008005270      0x22c c:/st/stm32cubeide_1.2.0/stm32cubeide/plugins/com.st.stm32cube.ide.mcu.externaltools.gnu-tools-for-stm32.7-2018-q2-update.win32_1.0.0.201904181610/tools/bin/../lib/gcc/arm-none-eabi/7.3.1/../../../../arm-none-eabi/lib/thumb/v7e-m/fpv4-sp/hard\libc_nano.a(lib_a-nano-vfprintf.o)
                0x0000000008005270                _vfprintf_r
                0x0000000008005270                _vfiprintf_r
 .text._printf_common
                0x000000000800549c       0xea c:/st/stm32cubeide_1.2.0/stm32cubeide/plugins/com.st.stm32cube.ide.mcu.externaltools.gnu-tools-for-stm32.7-2018-q2-update.win32_1.0.0.201904181610/tools/bin/../lib/gcc/arm-none-eabi/7.3.1/../../../../arm-none-eabi/lib/thumb/v7e-m/fpv4-sp/hard\libc_nano.a(lib_a-nano-vfprintf_i.o)
                0x000000000800549c                _printf_common
 *fill*         0x0000000008005586        0x2 
 .text._printf_i
                0x0000000008005588      0x224 c:/st/stm32cubeide_1.2.0/stm32cubeide/plugins/com.st.stm32cube.ide.mcu.externaltools.gnu-tools-for-stm32.7-2018-q2-update.win32_1.0.0.201904181610/tools/bin/../lib/gcc/arm-none-eabi/7.3.1/../../../../arm-none-eabi/lib/thumb/v7e-m/fpv4-sp/hard\libc_nano.a(lib_a-nano-vfprintf_i.o)
                0x0000000008005588                _printf_i
 .text._sbrk_r  0x00000000080057ac       0x20 c:/st/stm32cubeide_1.2.0/stm32cubeide/plugins/com.st.stm32cube.ide.mcu.externaltools.gnu-tools-for-stm32.7-2018-q2-update.win32_1.0.0.201904181610/tools/bin/../lib/gcc/arm-none-eabi/7.3.1/../../../../arm-none-eabi/lib/thumb/v7e-m/fpv4-sp/hard\libc_nano.a(lib_a-sbrkr.o)
                0x00000000080057ac                _sbrk_r
 .text.__sread  0x00000000080057cc       0x22 c:/st/stm32cubeide_1.2.0/stm32cubeide/plugins/com.st.stm32cube.ide.mcu.externaltools.gnu-tools-for-stm32.7-2018-q2-update.win32_1.0.0.201904181610/tools/bin/../lib/gcc/arm-none-eabi/7.3.1/../../../../arm-none-eabi/lib/thumb/v7e-m/fpv4-sp/hard\libc_nano.a(lib_a-stdio.o)
                0x00000000080057cc                __sread
 .text.__swrite
                0x00000000080057ee       0x38 c:/st/stm32cubeide_1.2.0/stm32cubeide/plugins/com.st.stm32cube.ide.mcu.externaltools.gnu-tools-for-stm32.7-2018-q2-update.win32_1.0.0.201904181610/tools/bin/../lib/gcc/arm-none-eabi/7.3.1/../../../../arm-none-eabi/lib/thumb/v7e-m/fpv4-sp/hard\libc_nano.a(lib_a-stdio.o)
                0x00000000080057ee                __swrite
 .text.__sseek  0x0000000008005826       0x24 c:/st/stm32cubeide_1.2.0/stm32cubeide/plugins/com.st.stm32cube.ide.mcu.externaltools.gnu-tools-for-stm32.7-2018-q2-update.win32_1.0.0.201904181610/tools/bin/../lib/gcc/arm-none-eabi/7.3.1/../../../../arm-none-eabi/lib/thumb/v7e-m/fpv4-sp/hard\libc_nano.a(lib_a-stdio.o)
                0x0000000008005826                __sseek
 .text.__sclose
                0x000000000800584a        0x8 c:/st/stm32cubeide_1.2.0/stm32cubeide/plugins/com.st.stm32cube.ide.mcu.externaltools.gnu-tools-for-stm32.7-2018-q2-update.win32_1.0.0.201904181610/tools/bin/../lib/gcc/arm-none-eabi/7.3.1/../../../../arm-none-eabi/lib/thumb/v7e-m/fpv4-sp/hard\libc_nano.a(lib_a-stdio.o)
                0x000000000800584a                __sclose
 *fill*         0x0000000008005852        0x2 
 .text.__swbuf_r
                0x0000000008005854       0xa4 c:/st/stm32cubeide_1.2.0/stm32cubeide/plugins/com.st.stm32cube.ide.mcu.externaltools.gnu-tools-for-stm32.7-2018-q2-update.win32_1.0.0.201904181610/tools/bin/../lib/gcc/arm-none-eabi/7.3.1/../../../../arm-none-eabi/lib/thumb/v7e-m/fpv4-sp/hard\libc_nano.a(lib_a-wbuf.o)
                0x0000000008005854                __swbuf_r
 .text._write_r
                0x00000000080058f8       0x24 c:/st/stm32cubeide_1.2.0/stm32cubeide/plugins/com.st.stm32cube.ide.mcu.externaltools.gnu-tools-for-stm32.7-2018-q2-update.win32_1.0.0.201904181610/tools/bin/../lib/gcc/arm-none-eabi/7.3.1/../../../../arm-none-eabi/lib/thumb/v7e-m/fpv4-sp/hard\libc_nano.a(lib_a-writer.o)
                0x00000000080058f8                _write_r
 .text.__swsetup_r
                0x000000000800591c       0xdc c:/st/stm32cubeide_1.2.0/stm32cubeide/plugins/com.st.stm32cube.ide.mcu.externaltools.gnu-tools-for-stm32.7-2018-q2-update.win32_1.0.0.201904181610/tools/bin/../lib/gcc/arm-none-eabi/7.3.1/../../../../arm-none-eabi/lib/thumb/v7e-m/fpv4-sp/hard\libc_nano.a(lib_a-wsetup.o)
                0x000000000800591c                __swsetup_r
 .text._close_r
                0x00000000080059f8       0x20 c:/st/stm32cubeide_1.2.0/stm32cubeide/plugins/com.st.stm32cube.ide.mcu.externaltools.gnu-tools-for-stm32.7-2018-q2-update.win32_1.0.0.201904181610/tools/bin/../lib/gcc/arm-none-eabi/7.3.1/../../../../arm-none-eabi/lib/thumb/v7e-m/fpv4-sp/hard\libc_nano.a(lib_a-closer.o)
                0x00000000080059f8                _close_r
 .text.__sflush_r
                0x0000000008005a18      0x10c c:/st/stm32cubeide_1.2.0/stm32cubeide/plugins/com.st.stm32cube.ide.mcu.externaltools.gnu-tools-for-stm32.7-2018-q2-update.win32_1.0.0.201904181610/tools/bin/../lib/gcc/arm-none-eabi/7.3.1/../../../../arm-none-eabi/lib/thumb/v7e-m/fpv4-sp/hard\libc_nano.a(lib_a-fflush.o)
                0x0000000008005a18                __sflush_r
 .text._fflush_r
                0x0000000008005b24       0x54 c:/st/stm32cubeide_1.2.0/stm32cubeide/plugins/com.st.stm32cube.ide.mcu.externaltools.gnu-tools-for-stm32.7-2018-q2-update.win32_1.0.0.201904181610/tools/bin/../lib/gcc/arm-none-eabi/7.3.1/../../../../arm-none-eabi/lib/thumb/v7e-m/fpv4-sp/hard\libc_nano.a(lib_a-fflush.o)
                0x0000000008005b24                _fflush_r
 .text._lseek_r
                0x0000000008005b78       0x24 c:/st/stm32cubeide_1.2.0/stm32cubeide/plugins/com.st.stm32cube.ide.mcu.externaltools.gnu-tools-for-stm32.7-2018-q2-update.win32_1.0.0.201904181610/tools/bin/../lib/gcc/arm-none-eabi/7.3.1/../../../../arm-none-eabi/lib/thumb/v7e-m/fpv4-sp/hard\libc_nano.a(lib_a-lseekr.o)
                0x0000000008005b78                _lseek_r
 .text.__swhatbuf_r
                0x0000000008005b9c       0x48 c:/st/stm32cubeide_1.2.0/stm32cubeide/plugins/com.st.stm32cube.ide.mcu.externaltools.gnu-tools-for-stm32.7-2018-q2-update.win32_1.0.0.201904181610/tools/bin/../lib/gcc/arm-none-eabi/7.3.1/../../../../arm-none-eabi/lib/thumb/v7e-m/fpv4-sp/hard\libc_nano.a(lib_a-makebuf.o)
                0x0000000008005b9c                __swhatbuf_r
 .text.__smakebuf_r
                0x0000000008005be4       0x80 c:/st/stm32cubeide_1.2.0/stm32cubeide/plugins/com.st.stm32cube.ide.mcu.externaltools.gnu-tools-for-stm32.7-2018-q2-update.win32_1.0.0.201904181610/tools/bin/../lib/gcc/arm-none-eabi/7.3.1/../../../../arm-none-eabi/lib/thumb/v7e-m/fpv4-sp/hard\libc_nano.a(lib_a-makebuf.o)
                0x0000000008005be4                __smakebuf_r
 .text.__malloc_lock
                0x0000000008005c64        0x2 c:/st/stm32cubeide_1.2.0/stm32cubeide/plugins/com.st.stm32cube.ide.mcu.externaltools.gnu-tools-for-stm32.7-2018-q2-update.win32_1.0.0.201904181610/tools/bin/../lib/gcc/arm-none-eabi/7.3.1/../../../../arm-none-eabi/lib/thumb/v7e-m/fpv4-sp/hard\libc_nano.a(lib_a-mlock.o)
                0x0000000008005c64                __malloc_lock
 .text.__malloc_unlock
                0x0000000008005c66        0x2 c:/st/stm32cubeide_1.2.0/stm32cubeide/plugins/com.st.stm32cube.ide.mcu.externaltools.gnu-tools-for-stm32.7-2018-q2-update.win32_1.0.0.201904181610/tools/bin/../lib/gcc/arm-none-eabi/7.3.1/../../../../arm-none-eabi/lib/thumb/v7e-m/fpv4-sp/hard\libc_nano.a(lib_a-mlock.o)
                0x0000000008005c66                __malloc_unlock
 .text._free_r  0x0000000008005c68       0x9c c:/st/stm32cubeide_1.2.0/stm32cubeide/plugins/com.st.stm32cube.ide.mcu.externaltools.gnu-tools-for-stm32.7-2018-q2-update.win32_1.0.0.201904181610/tools/bin/../lib/gcc/arm-none-eabi/7.3.1/../../../../arm-none-eabi/lib/thumb/v7e-m/fpv4-sp/hard\libc_nano.a(lib_a-nano-freer.o)
                0x0000000008005c68                _free_r
 .text._read_r  0x0000000008005d04       0x24 c:/st/stm32cubeide_1.2.0/stm32cubeide/plugins/com.st.stm32cube.ide.mcu.externaltools.gnu-tools-for-stm32.7-2018-q2-update.win32_1.0.0.201904181610/tools/bin/../lib/gcc/arm-none-eabi/7.3.1/../../../../arm-none-eabi/lib/thumb/v7e-m/fpv4-sp/hard\libc_nano.a(lib_a-readr.o)
                0x0000000008005d04                _read_r
 .text._fstat_r
                0x0000000008005d28       0x24 c:/st/stm32cubeide_1.2.0/stm32cubeide/plugins/com.st.stm32cube.ide.mcu.externaltools.gnu-tools-for-stm32.7-2018-q2-update.win32_1.0.0.201904181610/tools/bin/../lib/gcc/arm-none-eabi/7.3.1/../../../../arm-none-eabi/lib/thumb/v7e-m/fpv4-sp/hard\libc_nano.a(lib_a-fstatr.o)
                0x0000000008005d28                _fstat_r
 .text._isatty_r
                0x0000000008005d4c       0x20 c:/st/stm32cubeide_1.2.0/stm32cubeide/plugins/com.st.stm32cube.ide.mcu.externaltools.gnu-tools-for-stm32.7-2018-q2-update.win32_1.0.0.201904181610/tools/bin/../lib/gcc/arm-none-eabi/7.3.1/../../../../arm-none-eabi/lib/thumb/v7e-m/fpv4-sp/hard\libc_nano.a(lib_a-isattyr.o)
                0x0000000008005d4c                _isatty_r
 *(.glue_7)
 .glue_7        0x0000000008005d6c        0x0 linker stubs
 *(.glue_7t)
 .glue_7t       0x0000000008005d6c        0x0 linker stubs
 *(.eh_frame)
 .eh_frame      0x0000000008005d6c        0x0 c:/st/stm32cubeide_1.2.0/stm32cubeide/plugins/com.st.stm32cube.ide.mcu.externaltools.gnu-tools-for-stm32.7-2018-q2-update.win32_1.0.0.201904181610/tools/bin/../lib/gcc/arm-none-eabi/7.3.1/thumb/v7e-m/fpv4-sp/hard/crtbegin.o
 *(.init)
 .init          0x0000000008005d6c        0x4 c:/st/stm32cubeide_1.2.0/stm32cubeide/plugins/com.st.stm32cube.ide.mcu.externaltools.gnu-tools-for-stm32.7-2018-q2-update.win32_1.0.0.201904181610/tools/bin/../lib/gcc/arm-none-eabi/7.3.1/thumb/v7e-m/fpv4-sp/hard/crti.o
                0x0000000008005d6c                _init
 .init          0x0000000008005d70        0x8 c:/st/stm32cubeide_1.2.0/stm32cubeide/plugins/com.st.stm32cube.ide.mcu.externaltools.gnu-tools-for-stm32.7-2018-q2-update.win32_1.0.0.201904181610/tools/bin/../lib/gcc/arm-none-eabi/7.3.1/thumb/v7e-m/fpv4-sp/hard/crtn.o
 *(.fini)
 .fini          0x0000000008005d78        0x4 c:/st/stm32cubeide_1.2.0/stm32cubeide/plugins/com.st.stm32cube.ide.mcu.externaltools.gnu-tools-for-stm32.7-2018-q2-update.win32_1.0.0.201904181610/tools/bin/../lib/gcc/arm-none-eabi/7.3.1/thumb/v7e-m/fpv4-sp/hard/crti.o
                0x0000000008005d78                _fini
 .fini          0x0000000008005d7c        0x8 c:/st/stm32cubeide_1.2.0/stm32cubeide/plugins/com.st.stm32cube.ide.mcu.externaltools.gnu-tools-for-stm32.7-2018-q2-update.win32_1.0.0.201904181610/tools/bin/../lib/gcc/arm-none-eabi/7.3.1/thumb/v7e-m/fpv4-sp/hard/crtn.o
                0x0000000008005d84                . = ALIGN (0x4)
                0x0000000008005d84                _etext = .

.vfp11_veneer   0x0000000008005d84        0x0
 .vfp11_veneer  0x0000000008005d84        0x0 linker stubs

.v4_bx          0x0000000008005d84        0x0
 .v4_bx         0x0000000008005d84        0x0 linker stubs

.iplt           0x0000000008005d84        0x0
 .iplt          0x0000000008005d84        0x0 c:/st/stm32cubeide_1.2.0/stm32cubeide/plugins/com.st.stm32cube.ide.mcu.externaltools.gnu-tools-for-stm32.7-2018-q2-update.win32_1.0.0.201904181610/tools/bin/../lib/gcc/arm-none-eabi/7.3.1/thumb/v7e-m/fpv4-sp/hard/crtbegin.o

.rodata         0x0000000008005d84      0x168
                0x0000000008005d84                . = ALIGN (0x4)
 *(.rodata)
 .rodata        0x0000000008005d84       0x13 Core/Src/main.o
 *(.rodata*)
 *fill*         0x0000000008005d97        0x1 
 .rodata.AHBPrescTable
                0x0000000008005d98       0x10 Core/Src/system_stm32l4xx.o
                0x0000000008005d98                AHBPrescTable
 .rodata.APBPrescTable
                0x0000000008005da8        0x8 Core/Src/system_stm32l4xx.o
                0x0000000008005da8                APBPrescTable
 .rodata.MSIRangeTable
                0x0000000008005db0       0x30 Core/Src/system_stm32l4xx.o
                0x0000000008005db0                MSIRangeTable
 .rodata.VL51L1X_DEFAULT_CONFIGURATION
                0x0000000008005de0       0x5b Drivers/Libraries/VL53L1X/core/VL53L1X_api.o
                0x0000000008005de0                VL51L1X_DEFAULT_CONFIGURATION
 *fill*         0x0000000008005e3b        0x1 
 .rodata.status_rtn
                0x0000000008005e3c       0x18 Drivers/Libraries/VL53L1X/core/VL53L1X_api.o
 .rodata._global_impure_ptr
                0x0000000008005e54        0x4 c:/st/stm32cubeide_1.2.0/stm32cubeide/plugins/com.st.stm32cube.ide.mcu.externaltools.gnu-tools-for-stm32.7-2018-q2-update.win32_1.0.0.201904181610/tools/bin/../lib/gcc/arm-none-eabi/7.3.1/../../../../arm-none-eabi/lib/thumb/v7e-m/fpv4-sp/hard\libc_nano.a(lib_a-impure.o)
                0x0000000008005e54                _global_impure_ptr
 .rodata.__sf_fake_stderr
                0x0000000008005e58       0x20 c:/st/stm32cubeide_1.2.0/stm32cubeide/plugins/com.st.stm32cube.ide.mcu.externaltools.gnu-tools-for-stm32.7-2018-q2-update.win32_1.0.0.201904181610/tools/bin/../lib/gcc/arm-none-eabi/7.3.1/../../../../arm-none-eabi/lib/thumb/v7e-m/fpv4-sp/hard\libc_nano.a(lib_a-findfp.o)
                0x0000000008005e58                __sf_fake_stderr
 .rodata.__sf_fake_stdin
                0x0000000008005e78       0x20 c:/st/stm32cubeide_1.2.0/stm32cubeide/plugins/com.st.stm32cube.ide.mcu.externaltools.gnu-tools-for-stm32.7-2018-q2-update.win32_1.0.0.201904181610/tools/bin/../lib/gcc/arm-none-eabi/7.3.1/../../../../arm-none-eabi/lib/thumb/v7e-m/fpv4-sp/hard\libc_nano.a(lib_a-findfp.o)
                0x0000000008005e78                __sf_fake_stdin
 .rodata.__sf_fake_stdout
                0x0000000008005e98       0x20 c:/st/stm32cubeide_1.2.0/stm32cubeide/plugins/com.st.stm32cube.ide.mcu.externaltools.gnu-tools-for-stm32.7-2018-q2-update.win32_1.0.0.201904181610/tools/bin/../lib/gcc/arm-none-eabi/7.3.1/../../../../arm-none-eabi/lib/thumb/v7e-m/fpv4-sp/hard\libc_nano.a(lib_a-findfp.o)
                0x0000000008005e98                __sf_fake_stdout
 .rodata._vfprintf_r.str1.1
                0x0000000008005eb8       0x11 c:/st/stm32cubeide_1.2.0/stm32cubeide/plugins/com.st.stm32cube.ide.mcu.externaltools.gnu-tools-for-stm32.7-2018-q2-update.win32_1.0.0.201904181610/tools/bin/../lib/gcc/arm-none-eabi/7.3.1/../../../../arm-none-eabi/lib/thumb/v7e-m/fpv4-sp/hard\libc_nano.a(lib_a-nano-vfprintf.o)
 .rodata._printf_i.str1.1
                0x0000000008005ec9       0x22 c:/st/stm32cubeide_1.2.0/stm32cubeide/plugins/com.st.stm32cube.ide.mcu.externaltools.gnu-tools-for-stm32.7-2018-q2-update.win32_1.0.0.201904181610/tools/bin/../lib/gcc/arm-none-eabi/7.3.1/../../../../arm-none-eabi/lib/thumb/v7e-m/fpv4-sp/hard\libc_nano.a(lib_a-nano-vfprintf_i.o)
                0x0000000008005eec                . = ALIGN (0x4)
 *fill*         0x0000000008005eeb        0x1 

.ARM.extab      0x0000000008005eec        0x0
                0x0000000008005eec                . = ALIGN (0x4)
 *(.ARM.extab* .gnu.linkonce.armextab.*)
                0x0000000008005eec                . = ALIGN (0x4)

.ARM            0x0000000008005eec        0x8
                0x0000000008005eec                . = ALIGN (0x4)
                0x0000000008005eec                __exidx_start = .
 *(.ARM.exidx*)
 .ARM.exidx     0x0000000008005eec        0x8 c:/st/stm32cubeide_1.2.0/stm32cubeide/plugins/com.st.stm32cube.ide.mcu.externaltools.gnu-tools-for-stm32.7-2018-q2-update.win32_1.0.0.201904181610/tools/bin/../lib/gcc/arm-none-eabi/7.3.1/thumb/v7e-m/fpv4-sp/hard\libgcc.a(_udivmoddi4.o)
                0x0000000008005ef4                __exidx_end = .
                0x0000000008005ef4                . = ALIGN (0x4)

.rel.dyn        0x0000000008005ef4        0x0
 .rel.iplt      0x0000000008005ef4        0x0 c:/st/stm32cubeide_1.2.0/stm32cubeide/plugins/com.st.stm32cube.ide.mcu.externaltools.gnu-tools-for-stm32.7-2018-q2-update.win32_1.0.0.201904181610/tools/bin/../lib/gcc/arm-none-eabi/7.3.1/thumb/v7e-m/fpv4-sp/hard/crtbegin.o

.preinit_array  0x0000000008005ef4        0x0
                0x0000000008005ef4                . = ALIGN (0x4)
                0x0000000008005ef4                PROVIDE (__preinit_array_start = .)
 *(.preinit_array*)
                0x0000000008005ef4                PROVIDE (__preinit_array_end = .)
                0x0000000008005ef4                . = ALIGN (0x4)

.init_array     0x0000000008005ef4        0x4
                0x0000000008005ef4                . = ALIGN (0x4)
                0x0000000008005ef4                PROVIDE (__init_array_start = .)
 *(SORT_BY_NAME(.init_array.*))
 *(.init_array*)
 .init_array    0x0000000008005ef4        0x4 c:/st/stm32cubeide_1.2.0/stm32cubeide/plugins/com.st.stm32cube.ide.mcu.externaltools.gnu-tools-for-stm32.7-2018-q2-update.win32_1.0.0.201904181610/tools/bin/../lib/gcc/arm-none-eabi/7.3.1/thumb/v7e-m/fpv4-sp/hard/crtbegin.o
                0x0000000008005ef8                PROVIDE (__init_array_end = .)
                0x0000000008005ef8                . = ALIGN (0x4)

.fini_array     0x0000000008005ef8        0x4
                0x0000000008005ef8                . = ALIGN (0x4)
                [!provide]                        PROVIDE (__fini_array_start = .)
 *(SORT_BY_NAME(.fini_array.*))
 *(.fini_array*)
 .fini_array    0x0000000008005ef8        0x4 c:/st/stm32cubeide_1.2.0/stm32cubeide/plugins/com.st.stm32cube.ide.mcu.externaltools.gnu-tools-for-stm32.7-2018-q2-update.win32_1.0.0.201904181610/tools/bin/../lib/gcc/arm-none-eabi/7.3.1/thumb/v7e-m/fpv4-sp/hard/crtbegin.o
                [!provide]                        PROVIDE (__fini_array_end = .)
                0x0000000008005efc                . = ALIGN (0x4)
                0x0000000008005efc                _sidata = LOADADDR (.data)

.data           0x0000000020000000       0x84 load address 0x0000000008005efc
                0x0000000020000000                . = ALIGN (0x4)
                0x0000000020000000                _sdata = .
 *(.data)
 *(.data*)
 .data.SystemCoreClock
                0x0000000020000000        0x4 Core/Src/system_stm32l4xx.o
                0x0000000020000000                SystemCoreClock
 .data.DIST_THRESHOLD_MAX
                0x0000000020000004        0x4 Drivers/Libraries/DoorSensor/DoorSensor.o
                0x0000000020000004                DIST_THRESHOLD_MAX
 .data.dev      0x0000000020000008        0x2 Drivers/Libraries/DoorSensor/DoorSensor.o
                0x0000000020000008                dev
 *fill*         0x000000002000000a        0x2 
 .data.center   0x000000002000000c        0x8 Drivers/Libraries/DoorSensor/DoorSensor.o
                0x000000002000000c                center
 .data.PathTrackFillingSize.9800
                0x0000000020000014        0x4 Drivers/Libraries/DoorSensor/DoorSensor.o
 .data.uwTickPrio
                0x0000000020000018        0x4 Drivers/STM32L4xx_HAL_Driver/Src/stm32l4xx_hal.o
                0x0000000020000018                uwTickPrio
 .data.uwTickFreq
                0x000000002000001c        0x4 Drivers/STM32L4xx_HAL_Driver/Src/stm32l4xx_hal.o
                0x000000002000001c                uwTickFreq
 .data._impure_ptr
                0x0000000020000020        0x4 c:/st/stm32cubeide_1.2.0/stm32cubeide/plugins/com.st.stm32cube.ide.mcu.externaltools.gnu-tools-for-stm32.7-2018-q2-update.win32_1.0.0.201904181610/tools/bin/../lib/gcc/arm-none-eabi/7.3.1/../../../../arm-none-eabi/lib/thumb/v7e-m/fpv4-sp/hard\libc_nano.a(lib_a-impure.o)
                0x0000000020000020                _impure_ptr
 .data.impure_data
                0x0000000020000024       0x60 c:/st/stm32cubeide_1.2.0/stm32cubeide/plugins/com.st.stm32cube.ide.mcu.externaltools.gnu-tools-for-stm32.7-2018-q2-update.win32_1.0.0.201904181610/tools/bin/../lib/gcc/arm-none-eabi/7.3.1/../../../../arm-none-eabi/lib/thumb/v7e-m/fpv4-sp/hard\libc_nano.a(lib_a-impure.o)
                0x0000000020000084                . = ALIGN (0x4)
                0x0000000020000084                _edata = .

.igot.plt       0x0000000020000084        0x0 load address 0x0000000008005f80
 .igot.plt      0x0000000020000084        0x0 c:/st/stm32cubeide_1.2.0/stm32cubeide/plugins/com.st.stm32cube.ide.mcu.externaltools.gnu-tools-for-stm32.7-2018-q2-update.win32_1.0.0.201904181610/tools/bin/../lib/gcc/arm-none-eabi/7.3.1/thumb/v7e-m/fpv4-sp/hard/crtbegin.o
                0x0000000020000084                . = ALIGN (0x4)

.bss            0x0000000020000084      0x238 load address 0x0000000008005f80
                0x0000000020000084                _sbss = .
                0x0000000020000084                __bss_start__ = _sbss
 *(.bss)
 .bss           0x0000000020000084       0x1c c:/st/stm32cubeide_1.2.0/stm32cubeide/plugins/com.st.stm32cube.ide.mcu.externaltools.gnu-tools-for-stm32.7-2018-q2-update.win32_1.0.0.201904181610/tools/bin/../lib/gcc/arm-none-eabi/7.3.1/thumb/v7e-m/fpv4-sp/hard/crtbegin.o
 *(.bss*)
 .bss.prevCounter.8972
                0x00000000200000a0        0x4 Core/Src/main.o
 .bss.heap_end.6424
                0x00000000200000a4        0x4 Core/Src/sysmem.o
 .bss.PplEntry  0x00000000200000a8        0x4 Drivers/Libraries/DoorSensor/DoorSensor.o
                0x00000000200000a8                PplEntry
 .bss.PplExit   0x00000000200000ac        0x4 Drivers/Libraries/DoorSensor/DoorSensor.o
                0x00000000200000ac                PplExit
 .bss.Dist      0x00000000200000b0        0x4 Drivers/Libraries/DoorSensor/DoorSensor.o
                0x00000000200000b0                Dist
 .bss.status    0x00000000200000b4        0x4 Drivers/Libraries/DoorSensor/DoorSensor.o
                0x00000000200000b4                status
 .bss.sensorState
                0x00000000200000b8        0x1 Drivers/Libraries/DoorSensor/DoorSensor.o
                0x00000000200000b8                sensorState
 *fill*         0x00000000200000b9        0x3 
 .bss.Zone      0x00000000200000bc        0x4 Drivers/Libraries/DoorSensor/DoorSensor.o
                0x00000000200000bc                Zone
 .bss.LeftPreviousStatus.9801
                0x00000000200000c0        0x4 Drivers/Libraries/DoorSensor/DoorSensor.o
 .bss.RightPreviousStatus.9802
                0x00000000200000c4        0x4 Drivers/Libraries/DoorSensor/DoorSensor.o
 .bss.PathTrack.9799
                0x00000000200000c8       0x10 Drivers/Libraries/DoorSensor/DoorSensor.o
 .bss.__malloc_free_list
                0x00000000200000d8        0x4 c:/st/stm32cubeide_1.2.0/stm32cubeide/plugins/com.st.stm32cube.ide.mcu.externaltools.gnu-tools-for-stm32.7-2018-q2-update.win32_1.0.0.201904181610/tools/bin/../lib/gcc/arm-none-eabi/7.3.1/../../../../arm-none-eabi/lib/thumb/v7e-m/fpv4-sp/hard\libc_nano.a(lib_a-nano-mallocr.o)
                0x00000000200000d8                __malloc_free_list
 .bss.__malloc_sbrk_start
                0x00000000200000dc        0x4 c:/st/stm32cubeide_1.2.0/stm32cubeide/plugins/com.st.stm32cube.ide.mcu.externaltools.gnu-tools-for-stm32.7-2018-q2-update.win32_1.0.0.201904181610/tools/bin/../lib/gcc/arm-none-eabi/7.3.1/../../../../arm-none-eabi/lib/thumb/v7e-m/fpv4-sp/hard\libc_nano.a(lib_a-nano-mallocr.o)
                0x00000000200000dc                __malloc_sbrk_start
 *(COMMON)
 COMMON         0x00000000200000e0       0xcc Core/Src/main.o
                0x00000000200000e0                hi2c1
                0x000000002000012c                huart2
 COMMON         0x00000000200001ac        0x8 Drivers/Libraries/DoorSensor/DoorSensor.o
                0x00000000200001ac                Distance
                0x00000000200001ae                wordData
                0x00000000200001b0                byteData
                0x00000000200001b1                error
                0x00000000200001b2                dataReady
                0x00000000200001b3                RangeStatus
 COMMON         0x00000000200001b4      0x100 Drivers/Libraries/VL53L1X/platform/vl53l1_platform.o
                0x00000000200001b4                _I2CBuffer
 COMMON         0x00000000200002b4        0x4 Drivers/STM32L4xx_HAL_Driver/Src/stm32l4xx_hal.o
                0x00000000200002b4                uwTick
 COMMON         0x00000000200002b8        0x4 c:/st/stm32cubeide_1.2.0/stm32cubeide/plugins/com.st.stm32cube.ide.mcu.externaltools.gnu-tools-for-stm32.7-2018-q2-update.win32_1.0.0.201904181610/tools/bin/../lib/gcc/arm-none-eabi/7.3.1/../../../../arm-none-eabi/lib/thumb/v7e-m/fpv4-sp/hard\libc_nano.a(lib_a-reent.o)
                0x00000000200002b8                errno
                0x00000000200002bc                . = ALIGN (0x4)
                0x00000000200002bc                _ebss = .
                0x00000000200002bc                __bss_end__ = _ebss

._user_heap_stack
                0x00000000200002bc      0x604 load address 0x0000000008005f80
                0x00000000200002c0                . = ALIGN (0x8)
 *fill*         0x00000000200002bc        0x4 
                0x00000000200002c0                PROVIDE (end = .)
                [!provide]                        PROVIDE (_end = .)
                0x00000000200004c0                . = (. + _Min_Heap_Size)
 *fill*         0x00000000200002c0      0x200 
                0x00000000200008c0                . = (. + _Min_Stack_Size)
 *fill*         0x00000000200004c0      0x400 
                0x00000000200008c0                . = ALIGN (0x8)

/DISCARD/
 libc.a(*)
 libm.a(*)
 libgcc.a(*)

.ARM.attributes
                0x0000000000000000       0x30
 *(.ARM.attributes)
 .ARM.attributes
                0x0000000000000000       0x22 c:/st/stm32cubeide_1.2.0/stm32cubeide/plugins/com.st.stm32cube.ide.mcu.externaltools.gnu-tools-for-stm32.7-2018-q2-update.win32_1.0.0.201904181610/tools/bin/../lib/gcc/arm-none-eabi/7.3.1/thumb/v7e-m/fpv4-sp/hard/crti.o
 .ARM.attributes
                0x0000000000000022       0x34 c:/st/stm32cubeide_1.2.0/stm32cubeide/plugins/com.st.stm32cube.ide.mcu.externaltools.gnu-tools-for-stm32.7-2018-q2-update.win32_1.0.0.201904181610/tools/bin/../lib/gcc/arm-none-eabi/7.3.1/thumb/v7e-m/fpv4-sp/hard/crtbegin.o
 .ARM.attributes
                0x0000000000000056       0x39 Core/Src/main.o
 .ARM.attributes
                0x000000000000008f       0x39 Core/Src/stm32l4xx_hal_msp.o
 .ARM.attributes
                0x00000000000000c8       0x39 Core/Src/stm32l4xx_it.o
 .ARM.attributes
                0x0000000000000101       0x39 Core/Src/syscalls.o
 .ARM.attributes
                0x000000000000013a       0x39 Core/Src/sysmem.o
 .ARM.attributes
                0x0000000000000173       0x39 Core/Src/system_stm32l4xx.o
 .ARM.attributes
                0x00000000000001ac       0x21 Core/Startup/startup_stm32l432kcux.o
 .ARM.attributes
                0x00000000000001cd       0x39 Drivers/Libraries/DoorSensor/DoorSensor.o
 .ARM.attributes
                0x0000000000000206       0x39 Drivers/Libraries/VL53L1X/core/VL53L1X_api.o
 .ARM.attributes
                0x000000000000023f       0x39 Drivers/Libraries/VL53L1X/platform/vl53l1_platform.o
 .ARM.attributes
                0x0000000000000278       0x39 Drivers/STM32L4xx_HAL_Driver/Src/stm32l4xx_hal.o
 .ARM.attributes
                0x00000000000002b1       0x39 Drivers/STM32L4xx_HAL_Driver/Src/stm32l4xx_hal_cortex.o
 .ARM.attributes
                0x00000000000002ea       0x39 Drivers/STM32L4xx_HAL_Driver/Src/stm32l4xx_hal_gpio.o
 .ARM.attributes
                0x0000000000000323       0x39 Drivers/STM32L4xx_HAL_Driver/Src/stm32l4xx_hal_i2c.o
 .ARM.attributes
                0x000000000000035c       0x39 Drivers/STM32L4xx_HAL_Driver/Src/stm32l4xx_hal_i2c_ex.o
 .ARM.attributes
                0x0000000000000395       0x39 Drivers/STM32L4xx_HAL_Driver/Src/stm32l4xx_hal_pwr_ex.o
 .ARM.attributes
                0x00000000000003ce       0x39 Drivers/STM32L4xx_HAL_Driver/Src/stm32l4xx_hal_rcc.o
 .ARM.attributes
                0x0000000000000407       0x39 Drivers/STM32L4xx_HAL_Driver/Src/stm32l4xx_hal_rcc_ex.o
 .ARM.attributes
                0x0000000000000440       0x39 Drivers/STM32L4xx_HAL_Driver/Src/stm32l4xx_hal_uart.o
 .ARM.attributes
                0x0000000000000479       0x34 c:/st/stm32cubeide_1.2.0/stm32cubeide/plugins/com.st.stm32cube.ide.mcu.externaltools.gnu-tools-for-stm32.7-2018-q2-update.win32_1.0.0.201904181610/tools/bin/../lib/gcc/arm-none-eabi/7.3.1/../../../../arm-none-eabi/lib/thumb/v7e-m/fpv4-sp/hard\libc_nano.a(lib_a-errno.o)
 .ARM.attributes
                0x00000000000004ad       0x34 c:/st/stm32cubeide_1.2.0/stm32cubeide/plugins/com.st.stm32cube.ide.mcu.externaltools.gnu-tools-for-stm32.7-2018-q2-update.win32_1.0.0.201904181610/tools/bin/../lib/gcc/arm-none-eabi/7.3.1/../../../../arm-none-eabi/lib/thumb/v7e-m/fpv4-sp/hard\libc_nano.a(lib_a-impure.o)
 .ARM.attributes
                0x00000000000004e1       0x34 c:/st/stm32cubeide_1.2.0/stm32cubeide/plugins/com.st.stm32cube.ide.mcu.externaltools.gnu-tools-for-stm32.7-2018-q2-update.win32_1.0.0.201904181610/tools/bin/../lib/gcc/arm-none-eabi/7.3.1/../../../../arm-none-eabi/lib/thumb/v7e-m/fpv4-sp/hard\libc_nano.a(lib_a-init.o)
 .ARM.attributes
                0x0000000000000515       0x34 c:/st/stm32cubeide_1.2.0/stm32cubeide/plugins/com.st.stm32cube.ide.mcu.externaltools.gnu-tools-for-stm32.7-2018-q2-update.win32_1.0.0.201904181610/tools/bin/../lib/gcc/arm-none-eabi/7.3.1/../../../../arm-none-eabi/lib/thumb/v7e-m/fpv4-sp/hard\libc_nano.a(lib_a-memset.o)
 .ARM.attributes
                0x0000000000000549       0x34 c:/st/stm32cubeide_1.2.0/stm32cubeide/plugins/com.st.stm32cube.ide.mcu.externaltools.gnu-tools-for-stm32.7-2018-q2-update.win32_1.0.0.201904181610/tools/bin/../lib/gcc/arm-none-eabi/7.3.1/../../../../arm-none-eabi/lib/thumb/v7e-m/fpv4-sp/hard\libc_nano.a(lib_a-printf.o)
 .ARM.attributes
                0x000000000000057d       0x34 c:/st/stm32cubeide_1.2.0/stm32cubeide/plugins/com.st.stm32cube.ide.mcu.externaltools.gnu-tools-for-stm32.7-2018-q2-update.win32_1.0.0.201904181610/tools/bin/../lib/gcc/arm-none-eabi/7.3.1/../../../../arm-none-eabi/lib/thumb/v7e-m/fpv4-sp/hard\libc_nano.a(lib_a-findfp.o)
 .ARM.attributes
                0x00000000000005b1       0x34 c:/st/stm32cubeide_1.2.0/stm32cubeide/plugins/com.st.stm32cube.ide.mcu.externaltools.gnu-tools-for-stm32.7-2018-q2-update.win32_1.0.0.201904181610/tools/bin/../lib/gcc/arm-none-eabi/7.3.1/../../../../arm-none-eabi/lib/thumb/v7e-m/fpv4-sp/hard\libc_nano.a(lib_a-fwalk.o)
 .ARM.attributes
                0x00000000000005e5       0x34 c:/st/stm32cubeide_1.2.0/stm32cubeide/plugins/com.st.stm32cube.ide.mcu.externaltools.gnu-tools-for-stm32.7-2018-q2-update.win32_1.0.0.201904181610/tools/bin/../lib/gcc/arm-none-eabi/7.3.1/../../../../arm-none-eabi/lib/thumb/v7e-m/fpv4-sp/hard\libc_nano.a(lib_a-nano-mallocr.o)
 .ARM.attributes
                0x0000000000000619       0x34 c:/st/stm32cubeide_1.2.0/stm32cubeide/plugins/com.st.stm32cube.ide.mcu.externaltools.gnu-tools-for-stm32.7-2018-q2-update.win32_1.0.0.201904181610/tools/bin/../lib/gcc/arm-none-eabi/7.3.1/../../../../arm-none-eabi/lib/thumb/v7e-m/fpv4-sp/hard\libc_nano.a(lib_a-nano-vfprintf.o)
 .ARM.attributes
                0x000000000000064d       0x34 c:/st/stm32cubeide_1.2.0/stm32cubeide/plugins/com.st.stm32cube.ide.mcu.externaltools.gnu-tools-for-stm32.7-2018-q2-update.win32_1.0.0.201904181610/tools/bin/../lib/gcc/arm-none-eabi/7.3.1/../../../../arm-none-eabi/lib/thumb/v7e-m/fpv4-sp/hard\libc_nano.a(lib_a-nano-vfprintf_i.o)
 .ARM.attributes
                0x0000000000000681       0x34 c:/st/stm32cubeide_1.2.0/stm32cubeide/plugins/com.st.stm32cube.ide.mcu.externaltools.gnu-tools-for-stm32.7-2018-q2-update.win32_1.0.0.201904181610/tools/bin/../lib/gcc/arm-none-eabi/7.3.1/../../../../arm-none-eabi/lib/thumb/v7e-m/fpv4-sp/hard\libc_nano.a(lib_a-sbrkr.o)
 .ARM.attributes
                0x00000000000006b5       0x34 c:/st/stm32cubeide_1.2.0/stm32cubeide/plugins/com.st.stm32cube.ide.mcu.externaltools.gnu-tools-for-stm32.7-2018-q2-update.win32_1.0.0.201904181610/tools/bin/../lib/gcc/arm-none-eabi/7.3.1/../../../../arm-none-eabi/lib/thumb/v7e-m/fpv4-sp/hard\libc_nano.a(lib_a-stdio.o)
 .ARM.attributes
                0x00000000000006e9       0x34 c:/st/stm32cubeide_1.2.0/stm32cubeide/plugins/com.st.stm32cube.ide.mcu.externaltools.gnu-tools-for-stm32.7-2018-q2-update.win32_1.0.0.201904181610/tools/bin/../lib/gcc/arm-none-eabi/7.3.1/../../../../arm-none-eabi/lib/thumb/v7e-m/fpv4-sp/hard\libc_nano.a(lib_a-wbuf.o)
 .ARM.attributes
                0x000000000000071d       0x34 c:/st/stm32cubeide_1.2.0/stm32cubeide/plugins/com.st.stm32cube.ide.mcu.externaltools.gnu-tools-for-stm32.7-2018-q2-update.win32_1.0.0.201904181610/tools/bin/../lib/gcc/arm-none-eabi/7.3.1/../../../../arm-none-eabi/lib/thumb/v7e-m/fpv4-sp/hard\libc_nano.a(lib_a-writer.o)
 .ARM.attributes
                0x0000000000000751       0x34 c:/st/stm32cubeide_1.2.0/stm32cubeide/plugins/com.st.stm32cube.ide.mcu.externaltools.gnu-tools-for-stm32.7-2018-q2-update.win32_1.0.0.201904181610/tools/bin/../lib/gcc/arm-none-eabi/7.3.1/../../../../arm-none-eabi/lib/thumb/v7e-m/fpv4-sp/hard\libc_nano.a(lib_a-wsetup.o)
 .ARM.attributes
                0x0000000000000785       0x34 c:/st/stm32cubeide_1.2.0/stm32cubeide/plugins/com.st.stm32cube.ide.mcu.externaltools.gnu-tools-for-stm32.7-2018-q2-update.win32_1.0.0.201904181610/tools/bin/../lib/gcc/arm-none-eabi/7.3.1/../../../../arm-none-eabi/lib/thumb/v7e-m/fpv4-sp/hard\libc_nano.a(lib_a-closer.o)
 .ARM.attributes
                0x00000000000007b9       0x34 c:/st/stm32cubeide_1.2.0/stm32cubeide/plugins/com.st.stm32cube.ide.mcu.externaltools.gnu-tools-for-stm32.7-2018-q2-update.win32_1.0.0.201904181610/tools/bin/../lib/gcc/arm-none-eabi/7.3.1/../../../../arm-none-eabi/lib/thumb/v7e-m/fpv4-sp/hard\libc_nano.a(lib_a-fflush.o)
 .ARM.attributes
                0x00000000000007ed       0x34 c:/st/stm32cubeide_1.2.0/stm32cubeide/plugins/com.st.stm32cube.ide.mcu.externaltools.gnu-tools-for-stm32.7-2018-q2-update.win32_1.0.0.201904181610/tools/bin/../lib/gcc/arm-none-eabi/7.3.1/../../../../arm-none-eabi/lib/thumb/v7e-m/fpv4-sp/hard\libc_nano.a(lib_a-lseekr.o)
 .ARM.attributes
                0x0000000000000821       0x34 c:/st/stm32cubeide_1.2.0/stm32cubeide/plugins/com.st.stm32cube.ide.mcu.externaltools.gnu-tools-for-stm32.7-2018-q2-update.win32_1.0.0.201904181610/tools/bin/../lib/gcc/arm-none-eabi/7.3.1/../../../../arm-none-eabi/lib/thumb/v7e-m/fpv4-sp/hard\libc_nano.a(lib_a-makebuf.o)
 .ARM.attributes
                0x0000000000000855       0x20 c:/st/stm32cubeide_1.2.0/stm32cubeide/plugins/com.st.stm32cube.ide.mcu.externaltools.gnu-tools-for-stm32.7-2018-q2-update.win32_1.0.0.201904181610/tools/bin/../lib/gcc/arm-none-eabi/7.3.1/../../../../arm-none-eabi/lib/thumb/v7e-m/fpv4-sp/hard\libc_nano.a(lib_a-memchr.o)
 .ARM.attributes
                0x0000000000000875       0x34 c:/st/stm32cubeide_1.2.0/stm32cubeide/plugins/com.st.stm32cube.ide.mcu.externaltools.gnu-tools-for-stm32.7-2018-q2-update.win32_1.0.0.201904181610/tools/bin/../lib/gcc/arm-none-eabi/7.3.1/../../../../arm-none-eabi/lib/thumb/v7e-m/fpv4-sp/hard\libc_nano.a(lib_a-mlock.o)
 .ARM.attributes
                0x00000000000008a9       0x34 c:/st/stm32cubeide_1.2.0/stm32cubeide/plugins/com.st.stm32cube.ide.mcu.externaltools.gnu-tools-for-stm32.7-2018-q2-update.win32_1.0.0.201904181610/tools/bin/../lib/gcc/arm-none-eabi/7.3.1/../../../../arm-none-eabi/lib/thumb/v7e-m/fpv4-sp/hard\libc_nano.a(lib_a-nano-freer.o)
 .ARM.attributes
                0x00000000000008dd       0x34 c:/st/stm32cubeide_1.2.0/stm32cubeide/plugins/com.st.stm32cube.ide.mcu.externaltools.gnu-tools-for-stm32.7-2018-q2-update.win32_1.0.0.201904181610/tools/bin/../lib/gcc/arm-none-eabi/7.3.1/../../../../arm-none-eabi/lib/thumb/v7e-m/fpv4-sp/hard\libc_nano.a(lib_a-readr.o)
 .ARM.attributes
                0x0000000000000911       0x34 c:/st/stm32cubeide_1.2.0/stm32cubeide/plugins/com.st.stm32cube.ide.mcu.externaltools.gnu-tools-for-stm32.7-2018-q2-update.win32_1.0.0.201904181610/tools/bin/../lib/gcc/arm-none-eabi/7.3.1/../../../../arm-none-eabi/lib/thumb/v7e-m/fpv4-sp/hard\libc_nano.a(lib_a-reent.o)
 .ARM.attributes
                0x0000000000000945       0x34 c:/st/stm32cubeide_1.2.0/stm32cubeide/plugins/com.st.stm32cube.ide.mcu.externaltools.gnu-tools-for-stm32.7-2018-q2-update.win32_1.0.0.201904181610/tools/bin/../lib/gcc/arm-none-eabi/7.3.1/../../../../arm-none-eabi/lib/thumb/v7e-m/fpv4-sp/hard\libc_nano.a(lib_a-fstatr.o)
 .ARM.attributes
                0x0000000000000979       0x34 c:/st/stm32cubeide_1.2.0/stm32cubeide/plugins/com.st.stm32cube.ide.mcu.externaltools.gnu-tools-for-stm32.7-2018-q2-update.win32_1.0.0.201904181610/tools/bin/../lib/gcc/arm-none-eabi/7.3.1/../../../../arm-none-eabi/lib/thumb/v7e-m/fpv4-sp/hard\libc_nano.a(lib_a-isattyr.o)
 .ARM.attributes
                0x00000000000009ad       0x22 c:/st/stm32cubeide_1.2.0/stm32cubeide/plugins/com.st.stm32cube.ide.mcu.externaltools.gnu-tools-for-stm32.7-2018-q2-update.win32_1.0.0.201904181610/tools/bin/../lib/gcc/arm-none-eabi/7.3.1/thumb/v7e-m/fpv4-sp/hard\libgcc.a(_arm_addsubdf3.o)
 .ARM.attributes
                0x00000000000009cf       0x22 c:/st/stm32cubeide_1.2.0/stm32cubeide/plugins/com.st.stm32cube.ide.mcu.externaltools.gnu-tools-for-stm32.7-2018-q2-update.win32_1.0.0.201904181610/tools/bin/../lib/gcc/arm-none-eabi/7.3.1/thumb/v7e-m/fpv4-sp/hard\libgcc.a(_arm_muldivdf3.o)
 .ARM.attributes
                0x00000000000009f1       0x22 c:/st/stm32cubeide_1.2.0/stm32cubeide/plugins/com.st.stm32cube.ide.mcu.externaltools.gnu-tools-for-stm32.7-2018-q2-update.win32_1.0.0.201904181610/tools/bin/../lib/gcc/arm-none-eabi/7.3.1/thumb/v7e-m/fpv4-sp/hard\libgcc.a(_arm_fixunsdfsi.o)
 .ARM.attributes
                0x0000000000000a13       0x22 c:/st/stm32cubeide_1.2.0/stm32cubeide/plugins/com.st.stm32cube.ide.mcu.externaltools.gnu-tools-for-stm32.7-2018-q2-update.win32_1.0.0.201904181610/tools/bin/../lib/gcc/arm-none-eabi/7.3.1/thumb/v7e-m/fpv4-sp/hard\libgcc.a(_aeabi_uldivmod.o)
 .ARM.attributes
                0x0000000000000a35       0x34 c:/st/stm32cubeide_1.2.0/stm32cubeide/plugins/com.st.stm32cube.ide.mcu.externaltools.gnu-tools-for-stm32.7-2018-q2-update.win32_1.0.0.201904181610/tools/bin/../lib/gcc/arm-none-eabi/7.3.1/thumb/v7e-m/fpv4-sp/hard\libgcc.a(_udivmoddi4.o)
 .ARM.attributes
                0x0000000000000a69       0x22 c:/st/stm32cubeide_1.2.0/stm32cubeide/plugins/com.st.stm32cube.ide.mcu.externaltools.gnu-tools-for-stm32.7-2018-q2-update.win32_1.0.0.201904181610/tools/bin/../lib/gcc/arm-none-eabi/7.3.1/thumb/v7e-m/fpv4-sp/hard\libgcc.a(_dvmd_tls.o)
 .ARM.attributes
                0x0000000000000a8b       0x22 c:/st/stm32cubeide_1.2.0/stm32cubeide/plugins/com.st.stm32cube.ide.mcu.externaltools.gnu-tools-for-stm32.7-2018-q2-update.win32_1.0.0.201904181610/tools/bin/../lib/gcc/arm-none-eabi/7.3.1/thumb/v7e-m/fpv4-sp/hard/crtn.o
OUTPUT(PC_Proto_2.elf elf32-littlearm)

.debug_info     0x0000000000000000    0x114e0
 .debug_info    0x0000000000000000     0x1a1d Core/Src/main.o
 .debug_info    0x0000000000001a1d      0xed8 Core/Src/stm32l4xx_hal_msp.o
 .debug_info    0x00000000000028f5      0x318 Core/Src/stm32l4xx_it.o
 .debug_info    0x0000000000002c0d      0xebd Core/Src/syscalls.o
 .debug_info    0x0000000000003aca      0x91c Core/Src/sysmem.o
 .debug_info    0x00000000000043e6      0x703 Core/Src/system_stm32l4xx.o
 .debug_info    0x0000000000004ae9       0x22 Core/Startup/startup_stm32l432kcux.o
 .debug_info    0x0000000000004b0b      0xef9 Drivers/Libraries/DoorSensor/DoorSensor.o
 .debug_info    0x0000000000005a04     0x180f Drivers/Libraries/VL53L1X/core/VL53L1X_api.o
 .debug_info    0x0000000000007213     0x1492 Drivers/Libraries/VL53L1X/platform/vl53l1_platform.o
 .debug_info    0x00000000000086a5      0xa91 Drivers/STM32L4xx_HAL_Driver/Src/stm32l4xx_hal.o
 .debug_info    0x0000000000009136      0xebe Drivers/STM32L4xx_HAL_Driver/Src/stm32l4xx_hal_cortex.o
 .debug_info    0x0000000000009ff4      0x982 Drivers/STM32L4xx_HAL_Driver/Src/stm32l4xx_hal_gpio.o
 .debug_info    0x000000000000a976     0x20dc Drivers/STM32L4xx_HAL_Driver/Src/stm32l4xx_hal_i2c.o
 .debug_info    0x000000000000ca52      0xb4e Drivers/STM32L4xx_HAL_Driver/Src/stm32l4xx_hal_i2c_ex.o
 .debug_info    0x000000000000d5a0      0xaaa Drivers/STM32L4xx_HAL_Driver/Src/stm32l4xx_hal_pwr_ex.o
 .debug_info    0x000000000000e04a      0xcad Drivers/STM32L4xx_HAL_Driver/Src/stm32l4xx_hal_rcc.o
 .debug_info    0x000000000000ecf7      0xfce Drivers/STM32L4xx_HAL_Driver/Src/stm32l4xx_hal_rcc_ex.o
 .debug_info    0x000000000000fcc5     0x181b Drivers/STM32L4xx_HAL_Driver/Src/stm32l4xx_hal_uart.o

.debug_abbrev   0x0000000000000000     0x23f4
 .debug_abbrev  0x0000000000000000      0x290 Core/Src/main.o
 .debug_abbrev  0x0000000000000290      0x197 Core/Src/stm32l4xx_hal_msp.o
 .debug_abbrev  0x0000000000000427       0xe2 Core/Src/stm32l4xx_it.o
 .debug_abbrev  0x0000000000000509      0x261 Core/Src/syscalls.o
 .debug_abbrev  0x000000000000076a      0x1bb Core/Src/sysmem.o
 .debug_abbrev  0x0000000000000925      0x150 Core/Src/system_stm32l4xx.o
 .debug_abbrev  0x0000000000000a75       0x12 Core/Startup/startup_stm32l432kcux.o
 .debug_abbrev  0x0000000000000a87      0x242 Drivers/Libraries/DoorSensor/DoorSensor.o
 .debug_abbrev  0x0000000000000cc9      0x239 Drivers/Libraries/VL53L1X/core/VL53L1X_api.o
 .debug_abbrev  0x0000000000000f02      0x227 Drivers/Libraries/VL53L1X/platform/vl53l1_platform.o
 .debug_abbrev  0x0000000000001129      0x1e1 Drivers/STM32L4xx_HAL_Driver/Src/stm32l4xx_hal.o
 .debug_abbrev  0x000000000000130a      0x2fa Drivers/STM32L4xx_HAL_Driver/Src/stm32l4xx_hal_cortex.o
 .debug_abbrev  0x0000000000001604      0x1c0 Drivers/STM32L4xx_HAL_Driver/Src/stm32l4xx_hal_gpio.o
 .debug_abbrev  0x00000000000017c4      0x22a Drivers/STM32L4xx_HAL_Driver/Src/stm32l4xx_hal_i2c.o
 .debug_abbrev  0x00000000000019ee      0x1b9 Drivers/STM32L4xx_HAL_Driver/Src/stm32l4xx_hal_i2c_ex.o
 .debug_abbrev  0x0000000000001ba7      0x1cb Drivers/STM32L4xx_HAL_Driver/Src/stm32l4xx_hal_pwr_ex.o
 .debug_abbrev  0x0000000000001d72      0x245 Drivers/STM32L4xx_HAL_Driver/Src/stm32l4xx_hal_rcc.o
 .debug_abbrev  0x0000000000001fb7      0x238 Drivers/STM32L4xx_HAL_Driver/Src/stm32l4xx_hal_rcc_ex.o
 .debug_abbrev  0x00000000000021ef      0x205 Drivers/STM32L4xx_HAL_Driver/Src/stm32l4xx_hal_uart.o

.debug_aranges  0x0000000000000000      0xe20
 .debug_aranges
                0x0000000000000000       0x58 Core/Src/main.o
 .debug_aranges
                0x0000000000000058       0x40 Core/Src/stm32l4xx_hal_msp.o
 .debug_aranges
                0x0000000000000098       0x60 Core/Src/stm32l4xx_it.o
 .debug_aranges
                0x00000000000000f8       0xa8 Core/Src/syscalls.o
 .debug_aranges
                0x00000000000001a0       0x20 Core/Src/sysmem.o
 .debug_aranges
                0x00000000000001c0       0x28 Core/Src/system_stm32l4xx.o
 .debug_aranges
                0x00000000000001e8       0x28 Core/Startup/startup_stm32l432kcux.o
 .debug_aranges
                0x0000000000000210       0x38 Drivers/Libraries/DoorSensor/DoorSensor.o
 .debug_aranges
                0x0000000000000248      0x168 Drivers/Libraries/VL53L1X/core/VL53L1X_api.o
 .debug_aranges
                0x00000000000003b0       0x70 Drivers/Libraries/VL53L1X/platform/vl53l1_platform.o
 .debug_aranges
                0x0000000000000420      0x108 Drivers/STM32L4xx_HAL_Driver/Src/stm32l4xx_hal.o
 .debug_aranges
                0x0000000000000528      0x118 Drivers/STM32L4xx_HAL_Driver/Src/stm32l4xx_hal_cortex.o
 .debug_aranges
                0x0000000000000640       0x58 Drivers/STM32L4xx_HAL_Driver/Src/stm32l4xx_hal_gpio.o
 .debug_aranges
                0x0000000000000698      0x290 Drivers/STM32L4xx_HAL_Driver/Src/stm32l4xx_hal_i2c.o
 .debug_aranges
                0x0000000000000928       0x48 Drivers/STM32L4xx_HAL_Driver/Src/stm32l4xx_hal_i2c_ex.o
 .debug_aranges
                0x0000000000000970      0x128 Drivers/STM32L4xx_HAL_Driver/Src/stm32l4xx_hal_pwr_ex.o
 .debug_aranges
                0x0000000000000a98       0x88 Drivers/STM32L4xx_HAL_Driver/Src/stm32l4xx_hal_rcc.o
 .debug_aranges
                0x0000000000000b20       0xf0 Drivers/STM32L4xx_HAL_Driver/Src/stm32l4xx_hal_rcc_ex.o
 .debug_aranges
                0x0000000000000c10      0x210 Drivers/STM32L4xx_HAL_Driver/Src/stm32l4xx_hal_uart.o

.debug_ranges   0x0000000000000000      0xcf8
 .debug_ranges  0x0000000000000000       0x48 Core/Src/main.o
 .debug_ranges  0x0000000000000048       0x30 Core/Src/stm32l4xx_hal_msp.o
 .debug_ranges  0x0000000000000078       0x50 Core/Src/stm32l4xx_it.o
 .debug_ranges  0x00000000000000c8       0x98 Core/Src/syscalls.o
 .debug_ranges  0x0000000000000160       0x10 Core/Src/sysmem.o
 .debug_ranges  0x0000000000000170       0x18 Core/Src/system_stm32l4xx.o
 .debug_ranges  0x0000000000000188       0x20 Core/Startup/startup_stm32l432kcux.o
 .debug_ranges  0x00000000000001a8       0x28 Drivers/Libraries/DoorSensor/DoorSensor.o
 .debug_ranges  0x00000000000001d0      0x158 Drivers/Libraries/VL53L1X/core/VL53L1X_api.o
 .debug_ranges  0x0000000000000328       0x60 Drivers/Libraries/VL53L1X/platform/vl53l1_platform.o
 .debug_ranges  0x0000000000000388       0xf8 Drivers/STM32L4xx_HAL_Driver/Src/stm32l4xx_hal.o
 .debug_ranges  0x0000000000000480      0x108 Drivers/STM32L4xx_HAL_Driver/Src/stm32l4xx_hal_cortex.o
 .debug_ranges  0x0000000000000588       0x48 Drivers/STM32L4xx_HAL_Driver/Src/stm32l4xx_hal_gpio.o
 .debug_ranges  0x00000000000005d0      0x280 Drivers/STM32L4xx_HAL_Driver/Src/stm32l4xx_hal_i2c.o
 .debug_ranges  0x0000000000000850       0x38 Drivers/STM32L4xx_HAL_Driver/Src/stm32l4xx_hal_i2c_ex.o
 .debug_ranges  0x0000000000000888      0x118 Drivers/STM32L4xx_HAL_Driver/Src/stm32l4xx_hal_pwr_ex.o
 .debug_ranges  0x00000000000009a0       0x78 Drivers/STM32L4xx_HAL_Driver/Src/stm32l4xx_hal_rcc.o
 .debug_ranges  0x0000000000000a18       0xe0 Drivers/STM32L4xx_HAL_Driver/Src/stm32l4xx_hal_rcc_ex.o
 .debug_ranges  0x0000000000000af8      0x200 Drivers/STM32L4xx_HAL_Driver/Src/stm32l4xx_hal_uart.o

.debug_macro    0x0000000000000000    0x21f22
 .debug_macro   0x0000000000000000      0x33e Core/Src/main.o
 .debug_macro   0x000000000000033e      0xa5a Core/Src/main.o
 .debug_macro   0x0000000000000d98       0xba Core/Src/main.o
 .debug_macro   0x0000000000000e52       0x2e Core/Src/main.o
 .debug_macro   0x0000000000000e80       0x28 Core/Src/main.o
 .debug_macro   0x0000000000000ea8       0x22 Core/Src/main.o
 .debug_macro   0x0000000000000eca       0x8e Core/Src/main.o
 .debug_macro   0x0000000000000f58       0x51 Core/Src/main.o
 .debug_macro   0x0000000000000fa9       0xef Core/Src/main.o
 .debug_macro   0x0000000000001098       0x6a Core/Src/main.o
 .debug_macro   0x0000000000001102      0x1df Core/Src/main.o
 .debug_macro   0x00000000000012e1       0x1c Core/Src/main.o
 .debug_macro   0x00000000000012fd       0x22 Core/Src/main.o
 .debug_macro   0x000000000000131f       0xdf Core/Src/main.o
 .debug_macro   0x00000000000013fe     0x102d Core/Src/main.o
 .debug_macro   0x000000000000242b      0x11f Core/Src/main.o
 .debug_macro   0x000000000000254a    0x14775 Core/Src/main.o
 .debug_macro   0x0000000000016cbf       0x43 Core/Src/main.o
 .debug_macro   0x0000000000016d02     0x3890 Core/Src/main.o
 .debug_macro   0x000000000001a592      0x174 Core/Src/main.o
 .debug_macro   0x000000000001a706       0x5c Core/Src/main.o
 .debug_macro   0x000000000001a762     0x118b Core/Src/main.o
 .debug_macro   0x000000000001b8ed      0x535 Core/Src/main.o
 .debug_macro   0x000000000001be22      0x241 Core/Src/main.o
 .debug_macro   0x000000000001c063      0x13d Core/Src/main.o
 .debug_macro   0x000000000001c1a0      0x122 Core/Src/main.o
 .debug_macro   0x000000000001c2c2      0x26b Core/Src/main.o
 .debug_macro   0x000000000001c52d      0x23d Core/Src/main.o
 .debug_macro   0x000000000001c76a      0x375 Core/Src/main.o
 .debug_macro   0x000000000001cadf       0xd6 Core/Src/main.o
 .debug_macro   0x000000000001cbb5      0x22c Core/Src/main.o
 .debug_macro   0x000000000001cde1       0x5e Core/Src/main.o
 .debug_macro   0x000000000001ce3f       0xa5 Core/Src/main.o
 .debug_macro   0x000000000001cee4      0x122 Core/Src/main.o
 .debug_macro   0x000000000001d006      0x357 Core/Src/main.o
 .debug_macro   0x000000000001d35d      0x59e Core/Src/main.o
 .debug_macro   0x000000000001d8fb       0x44 Core/Src/main.o
 .debug_macro   0x000000000001d93f      0x23a Core/Src/main.o
 .debug_macro   0x000000000001db79       0x46 Core/Src/main.o
 .debug_macro   0x000000000001dbbf       0x18 Core/Src/main.o
 .debug_macro   0x000000000001dbd7       0x3c Core/Src/main.o
 .debug_macro   0x000000000001dc13       0x34 Core/Src/main.o
 .debug_macro   0x000000000001dc47       0x16 Core/Src/main.o
 .debug_macro   0x000000000001dc5d       0x35 Core/Src/main.o
 .debug_macro   0x000000000001dc92      0x32a Core/Src/main.o
 .debug_macro   0x000000000001dfbc       0x10 Core/Src/main.o
 .debug_macro   0x000000000001dfcc       0x52 Core/Src/main.o
 .debug_macro   0x000000000001e01e       0x1f Core/Src/main.o
 .debug_macro   0x000000000001e03d       0x43 Core/Src/main.o
 .debug_macro   0x000000000001e080       0x20 Core/Src/main.o
 .debug_macro   0x000000000001e0a0      0x1a3 Core/Src/main.o
 .debug_macro   0x000000000001e243       0x10 Core/Src/main.o
 .debug_macro   0x000000000001e253       0x1c Core/Src/main.o
 .debug_macro   0x000000000001e26f       0x52 Core/Src/main.o
 .debug_macro   0x000000000001e2c1       0x40 Core/Src/main.o
 .debug_macro   0x000000000001e301       0x10 Core/Src/main.o
 .debug_macro   0x000000000001e311       0x40 Core/Src/main.o
 .debug_macro   0x000000000001e351       0xd7 Core/Src/main.o
 .debug_macro   0x000000000001e428       0x1c Core/Src/main.o
 .debug_macro   0x000000000001e444       0x3d Core/Src/main.o
 .debug_macro   0x000000000001e481       0x16 Core/Src/main.o
 .debug_macro   0x000000000001e497      0x145 Core/Src/main.o
 .debug_macro   0x000000000001e5dc       0x10 Core/Src/main.o
 .debug_macro   0x000000000001e5ec      0x1df Core/Src/stm32l4xx_hal_msp.o
 .debug_macro   0x000000000001e7cb      0x1e9 Core/Src/stm32l4xx_it.o
 .debug_macro   0x000000000001e9b4      0x243 Core/Src/syscalls.o
 .debug_macro   0x000000000001ebf7       0x40 Core/Src/syscalls.o
 .debug_macro   0x000000000001ec37       0x94 Core/Src/syscalls.o
 .debug_macro   0x000000000001eccb       0x57 Core/Src/syscalls.o
 .debug_macro   0x000000000001ed22      0x330 Core/Src/syscalls.o
 .debug_macro   0x000000000001f052       0x10 Core/Src/syscalls.o
 .debug_macro   0x000000000001f062       0x10 Core/Src/syscalls.o
 .debug_macro   0x000000000001f072       0x10 Core/Src/syscalls.o
 .debug_macro   0x000000000001f082       0x35 Core/Src/syscalls.o
 .debug_macro   0x000000000001f0b7      0x122 Core/Src/syscalls.o
 .debug_macro   0x000000000001f1d9       0x16 Core/Src/syscalls.o
 .debug_macro   0x000000000001f1ef       0x16 Core/Src/syscalls.o
 .debug_macro   0x000000000001f205       0x29 Core/Src/syscalls.o
 .debug_macro   0x000000000001f22e       0x10 Core/Src/syscalls.o
 .debug_macro   0x000000000001f23e      0x241 Core/Src/syscalls.o
 .debug_macro   0x000000000001f47f       0x1c Core/Src/syscalls.o
 .debug_macro   0x000000000001f49b       0x10 Core/Src/syscalls.o
 .debug_macro   0x000000000001f4ab      0x189 Core/Src/syscalls.o
 .debug_macro   0x000000000001f634       0x16 Core/Src/syscalls.o
 .debug_macro   0x000000000001f64a       0x88 Core/Src/syscalls.o
 .debug_macro   0x000000000001f6d2      0x1ae Core/Src/sysmem.o
 .debug_macro   0x000000000001f880      0x23b Core/Src/sysmem.o
 .debug_macro   0x000000000001fabb      0x1db Core/Src/system_stm32l4xx.o
 .debug_macro   0x000000000001fc96      0x3eb Drivers/Libraries/DoorSensor/DoorSensor.o
 .debug_macro   0x0000000000020081       0x10 Drivers/Libraries/DoorSensor/DoorSensor.o
 .debug_macro   0x0000000000020091       0x20 Drivers/Libraries/DoorSensor/DoorSensor.o
 .debug_macro   0x00000000000200b1      0x112 Drivers/Libraries/DoorSensor/DoorSensor.o
 .debug_macro   0x00000000000201c3       0xd9 Drivers/Libraries/DoorSensor/DoorSensor.o
 .debug_macro   0x000000000002029c       0x56 Drivers/Libraries/DoorSensor/DoorSensor.o
 .debug_macro   0x00000000000202f2      0x249 Drivers/Libraries/VL53L1X/core/VL53L1X_api.o
 .debug_macro   0x000000000002053b      0x3f9 Drivers/Libraries/VL53L1X/platform/vl53l1_platform.o
 .debug_macro   0x0000000000020934       0x16 Drivers/Libraries/VL53L1X/platform/vl53l1_platform.o
 .debug_macro   0x000000000002094a       0x41 Drivers/Libraries/VL53L1X/platform/vl53l1_platform.o
 .debug_macro   0x000000000002098b      0x1e1 Drivers/Libraries/VL53L1X/platform/vl53l1_platform.o
 .debug_macro   0x0000000000020b6c      0x126 Drivers/Libraries/VL53L1X/platform/vl53l1_platform.o
 .debug_macro   0x0000000000020c92      0x21d Drivers/STM32L4xx_HAL_Driver/Src/stm32l4xx_hal.o
 .debug_macro   0x0000000000020eaf      0x1d5 Drivers/STM32L4xx_HAL_Driver/Src/stm32l4xx_hal_cortex.o
 .debug_macro   0x0000000000021084      0x214 Drivers/STM32L4xx_HAL_Driver/Src/stm32l4xx_hal_gpio.o
 .debug_macro   0x0000000000021298      0x29a Drivers/STM32L4xx_HAL_Driver/Src/stm32l4xx_hal_i2c.o
 .debug_macro   0x0000000000021532      0x1d5 Drivers/STM32L4xx_HAL_Driver/Src/stm32l4xx_hal_i2c_ex.o
 .debug_macro   0x0000000000021707      0x1f9 Drivers/STM32L4xx_HAL_Driver/Src/stm32l4xx_hal_pwr_ex.o
 .debug_macro   0x0000000000021900      0x217 Drivers/STM32L4xx_HAL_Driver/Src/stm32l4xx_hal_rcc.o
 .debug_macro   0x0000000000021b17      0x20b Drivers/STM32L4xx_HAL_Driver/Src/stm32l4xx_hal_rcc_ex.o
 .debug_macro   0x0000000000021d22      0x200 Drivers/STM32L4xx_HAL_Driver/Src/stm32l4xx_hal_uart.o

.debug_line     0x0000000000000000     0xbcd4
 .debug_line    0x0000000000000000      0x9be Core/Src/main.o
 .debug_line    0x00000000000009be      0x73a Core/Src/stm32l4xx_hal_msp.o
 .debug_line    0x00000000000010f8      0x780 Core/Src/stm32l4xx_it.o
 .debug_line    0x0000000000001878      0x742 Core/Src/syscalls.o
 .debug_line    0x0000000000001fba      0x55e Core/Src/sysmem.o
 .debug_line    0x0000000000002518      0x707 Core/Src/system_stm32l4xx.o
 .debug_line    0x0000000000002c1f       0x85 Core/Startup/startup_stm32l432kcux.o
 .debug_line    0x0000000000002ca4      0xac8 Drivers/Libraries/DoorSensor/DoorSensor.o
 .debug_line    0x000000000000376c      0xa77 Drivers/Libraries/VL53L1X/core/VL53L1X_api.o
 .debug_line    0x00000000000041e3      0xa83 Drivers/Libraries/VL53L1X/platform/vl53l1_platform.o
 .debug_line    0x0000000000004c66      0x91a Drivers/STM32L4xx_HAL_Driver/Src/stm32l4xx_hal.o
 .debug_line    0x0000000000005580      0xa03 Drivers/STM32L4xx_HAL_Driver/Src/stm32l4xx_hal_cortex.o
 .debug_line    0x0000000000005f83      0x845 Drivers/STM32L4xx_HAL_Driver/Src/stm32l4xx_hal_gpio.o
 .debug_line    0x00000000000067c8     0x1abc Drivers/STM32L4xx_HAL_Driver/Src/stm32l4xx_hal_i2c.o
 .debug_line    0x0000000000008284      0x820 Drivers/STM32L4xx_HAL_Driver/Src/stm32l4xx_hal_i2c_ex.o
 .debug_line    0x0000000000008aa4      0xa0a Drivers/STM32L4xx_HAL_Driver/Src/stm32l4xx_hal_pwr_ex.o
 .debug_line    0x00000000000094ae      0xa02 Drivers/STM32L4xx_HAL_Driver/Src/stm32l4xx_hal_rcc.o
 .debug_line    0x0000000000009eb0      0xc07 Drivers/STM32L4xx_HAL_Driver/Src/stm32l4xx_hal_rcc_ex.o
 .debug_line    0x000000000000aab7     0x121d Drivers/STM32L4xx_HAL_Driver/Src/stm32l4xx_hal_uart.o

.debug_str      0x0000000000000000    0xc4367
 .debug_str     0x0000000000000000    0xbdb4b Core/Src/main.o
                                      0xbdf6a (size before relaxing)
 .debug_str     0x00000000000bdb4b       0x7d Core/Src/stm32l4xx_hal_msp.o
                                      0xb9b20 (size before relaxing)
 .debug_str     0x00000000000bdbc8       0xbd Core/Src/stm32l4xx_it.o
                                      0xb9348 (size before relaxing)
 .debug_str     0x00000000000bdc85     0x11f0 Core/Src/syscalls.o
                                       0x88c4 (size before relaxing)
 .debug_str     0x00000000000bee75       0x36 Core/Src/sysmem.o
                                       0x7b1d (size before relaxing)
 .debug_str     0x00000000000beeab       0xcd Core/Src/system_stm32l4xx.o
                                      0xb94a0 (size before relaxing)
 .debug_str     0x00000000000bef78       0x36 Core/Startup/startup_stm32l432kcux.o
                                         0x9f (size before relaxing)
 .debug_str     0x00000000000befae      0x90f Drivers/Libraries/DoorSensor/DoorSensor.o
                                      0xbde6d (size before relaxing)
 .debug_str     0x00000000000bf8bd      0x5f7 Drivers/Libraries/VL53L1X/core/VL53L1X_api.o
                                       0x8f5f (size before relaxing)
 .debug_str     0x00000000000bfeb4     0x1367 Drivers/Libraries/VL53L1X/platform/vl53l1_platform.o
                                      0xbee67 (size before relaxing)
 .debug_str     0x00000000000c121b      0x83c Drivers/STM32L4xx_HAL_Driver/Src/stm32l4xx_hal.o
                                      0xb9d71 (size before relaxing)
 .debug_str     0x00000000000c1a57      0x38c Drivers/STM32L4xx_HAL_Driver/Src/stm32l4xx_hal_cortex.o
                                      0xb9bda (size before relaxing)
 .debug_str     0x00000000000c1de3      0x236 Drivers/STM32L4xx_HAL_Driver/Src/stm32l4xx_hal_gpio.o
                                      0xb971a (size before relaxing)
 .debug_str     0x00000000000c2019      0xd49 Drivers/STM32L4xx_HAL_Driver/Src/stm32l4xx_hal_i2c.o
                                      0xba5ae (size before relaxing)
 .debug_str     0x00000000000c2d62       0xb8 Drivers/STM32L4xx_HAL_Driver/Src/stm32l4xx_hal_i2c_ex.o
                                      0xb99a9 (size before relaxing)
 .debug_str     0x00000000000c2e1a      0x45a Drivers/STM32L4xx_HAL_Driver/Src/stm32l4xx_hal_pwr_ex.o
                                      0xb9943 (size before relaxing)